#-----------------------------------------------------------
# Webtalk v2019.2 (64-bit)
# SW Build 2708876 on Wed Nov  6 21:40:23 MST 2019
# IP Build 2700528 on Thu Nov  7 00:09:20 MST 2019
# Start of session at: Fri Apr 24 16:56:33 2020
# Process ID: 15448
# Current directory: C:/OEF2_LEDMATRIX_COUNTDOWN/OEF2_LED_COUNTDOWN/OEF2_LED_COUNTDOWN.sim/sim_1/synth/timing/xsim
# Command line: wbtcv.exe -mode batch -source C:/OEF2_LEDMATRIX_COUNTDOWN/OEF2_LED_COUNTDOWN/OEF2_LED_COUNTDOWN.sim/sim_1/synth/timing/xsim/xsim.dir/OEF2_LED_COUNTDOWN_time_synth/webtalk/xsim_webtalk.tcl -notrace
# Log file: C:/OEF2_LEDMATRIX_COUNTDOWN/OEF2_LED_COUNTDOWN/OEF2_LED_COUNTDOWN.sim/sim_1/synth/timing/xsim/webtalk.log
# Journal file: C:/OEF2_LEDMATRIX_COUNTDOWN/OEF2_LED_COUNTDOWN/OEF2_LED_COUNTDOWN.sim/sim_1/synth/timing/xsim\webtalk.jou
#-----------------------------------------------------------
source C:/OEF2_LEDMATRIX_COUNTDOWN/OEF2_LED_COUNTDOWN/OEF2_LED_COUNTDOWN.sim/sim_1/synth/timing/xsim/xsim.dir/OEF2_LED_COUNTDOWN_time_synth/webtalk/xsim_webtalk.tcl -notrace
