Nothing to build in platform 'design_1_wrapper'

20:19:24 **** Incremental Build of configuration Debug for project LEDMATRIX_VITIS ****
make all 
make --no-print-directory pre-build
a9-linaro-pre-build-step
' '
make --no-print-directory main-build
'Building file: ../src/helloworld.c'
'Invoking: ARM v7 gcc compiler'
arm-none-eabi-gcc -Wall -O0 -g3 -c -fmessage-length=0 -MT"src/helloworld.o" -mcpu=cortex-a9 -mfpu=vfpv3 -mfloat-abi=hard -IC:/LEDMATRIX_PROJECT/design_1_wrapper/export/design_1_wrapper/sw/design_1_wrapper/standalone_domain/bspinclude/include -MMD -MP -MF"src/helloworld.d" -MT"src/helloworld.o" -o "src/helloworld.o" "../src/helloworld.c"
'Finished building: ../src/helloworld.c'
' '
'Building target: LEDMATRIX_VITIS.elf'
'Invoking: ARM v7 gcc linker'
arm-none-eabi-gcc -mcpu=cortex-a9 -mfpu=vfpv3 -mfloat-abi=hard -Wl,-build-id=none -specs=Xilinx.spec -Wl,-T -Wl,../src/lscript.ld -LC:/LEDMATRIX_PROJECT/design_1_wrapper/export/design_1_wrapper/sw/design_1_wrapper/standalone_domain/bsplib/lib -o "LEDMATRIX_VITIS.elf"  ./src/helloworld.o ./src/platform.o   -Wl,--start-group,-lxil,-lgcc,-lc,--end-group
'Finished building target: LEDMATRIX_VITIS.elf'
' '
'Invoking: ARM v7 Print Size'
arm-none-eabi-size LEDMATRIX_VITIS.elf  |tee "LEDMATRIX_VITIS.elf.size"
   text	   data	    bss	    dec	    hex	filename
  19060	   1144	  22568	  42772	   a714	LEDMATRIX_VITIS.elf
'Finished building: LEDMATRIX_VITIS.elf.size'
' '
20:19:31 **** Incremental Build of configuration Debug for project LEDMATRIX_VITIS ****
make all 
make --no-print-directory pre-build
a9-linaro-pre-build-step
' '
make --no-print-directory main-build
make[1]: Nothing to be done for 'main-build'.
20:19:33 **** Incremental Build of configuration Debug for project LEDMATRIX_VITIS_system ****
make all 
Generating bif file for the system project
generate_system_bif.bat 49660 C:/LEDMATRIX_PROJECT/design_1_wrapper/export/design_1_wrapper/design_1_wrapper.xpfm standalone_domain C:/LEDMATRIX_PROJECT/LEDMATRIX_VITIS_system/Debug/system.bif
sdcard_gen --xpfm C:/LEDMATRIX_PROJECT/design_1_wrapper/export/design_1_wrapper/design_1_wrapper.xpfm --sys_config design_1_wrapper --bif C:/LEDMATRIX_PROJECT/LEDMATRIX_VITIS_system/Debug/system.bif --bitstream C:/LEDMATRIX_PROJECT/LEDMATRIX_VITIS/_ide/bitstream/design_1_wrapper.bit --elf C:/LEDMATRIX_PROJECT/LEDMATRIX_VITIS/Debug/LEDMATRIX_VITIS.elf,ps7_cortexa9_0
creating BOOT.BIN using C:/LEDMATRIX_PROJECT/LEDMATRIX_VITIS/_ide/bitstream/design_1_wrapper.bit
Running C:/Xilinx/Vitis/2019.2/bin/bootgen  -image C:/LEDMATRIX_PROJECT/LEDMATRIX_VITIS_system/Debug/sd_card_temp/boot.bif -w -o i BOOT.BIN
20:20:45 **** Incremental Build of configuration Debug for project LEDMATRIX_VITIS ****
make all 
make --no-print-directory pre-build
a9-linaro-pre-build-step
' '
make --no-print-directory main-build
'Building file: ../src/helloworld.c'
'Invoking: ARM v7 gcc compiler'
arm-none-eabi-gcc -Wall -O0 -g3 -c -fmessage-length=0 -MT"src/helloworld.o" -mcpu=cortex-a9 -mfpu=vfpv3 -mfloat-abi=hard -IC:/LEDMATRIX_PROJECT/design_1_wrapper/export/design_1_wrapper/sw/design_1_wrapper/standalone_domain/bspinclude/include -MMD -MP -MF"src/helloworld.d" -MT"src/helloworld.o" -o "src/helloworld.o" "../src/helloworld.c"
'Finished building: ../src/helloworld.c'
' '
'Building target: LEDMATRIX_VITIS.elf'
'Invoking: ARM v7 gcc linker'
arm-none-eabi-gcc -mcpu=cortex-a9 -mfpu=vfpv3 -mfloat-abi=hard -Wl,-build-id=none -specs=Xilinx.spec -Wl,-T -Wl,../src/lscript.ld -LC:/LEDMATRIX_PROJECT/design_1_wrapper/export/design_1_wrapper/sw/design_1_wrapper/standalone_domain/bsplib/lib -o "LEDMATRIX_VITIS.elf"  ./src/helloworld.o ./src/platform.o   -Wl,--start-group,-lxil,-lgcc,-lc,--end-group
'Finished building target: LEDMATRIX_VITIS.elf'
' '
'Invoking: ARM v7 Print Size'
arm-none-eabi-size LEDMATRIX_VITIS.elf  |tee "LEDMATRIX_VITIS.elf.size"
   text	   data	    bss	    dec	    hex	filename
  19076	   1144	  22568	  42788	   a724	LEDMATRIX_VITIS.elf
'Finished building: LEDMATRIX_VITIS.elf.size'
' '
20:21:17 **** Incremental Build of configuration Debug for project LEDMATRIX_VITIS ****
make all 
make --no-print-directory pre-build
a9-linaro-pre-build-step
' '
make --no-print-directory main-build
'Building file: ../src/helloworld.c'
'Invoking: ARM v7 gcc compiler'
arm-none-eabi-gcc -Wall -O0 -g3 -c -fmessage-length=0 -MT"src/helloworld.o" -mcpu=cortex-a9 -mfpu=vfpv3 -mfloat-abi=hard -IC:/LEDMATRIX_PROJECT/design_1_wrapper/export/design_1_wrapper/sw/design_1_wrapper/standalone_domain/bspinclude/include -MMD -MP -MF"src/helloworld.d" -MT"src/helloworld.o" -o "src/helloworld.o" "../src/helloworld.c"
'Finished building: ../src/helloworld.c'
' '
'Building target: LEDMATRIX_VITIS.elf'
'Invoking: ARM v7 gcc linker'
arm-none-eabi-gcc -mcpu=cortex-a9 -mfpu=vfpv3 -mfloat-abi=hard -Wl,-build-id=none -specs=Xilinx.spec -Wl,-T -Wl,../src/lscript.ld -LC:/LEDMATRIX_PROJECT/design_1_wrapper/export/design_1_wrapper/sw/design_1_wrapper/standalone_domain/bsplib/lib -o "LEDMATRIX_VITIS.elf"  ./src/helloworld.o ./src/platform.o   -Wl,--start-group,-lxil,-lgcc,-lc,--end-group
'Finished building target: LEDMATRIX_VITIS.elf'
' '
'Invoking: ARM v7 Print Size'
arm-none-eabi-size LEDMATRIX_VITIS.elf  |tee "LEDMATRIX_VITIS.elf.size"
   text	   data	    bss	    dec	    hex	filename
  19084	   1144	  22568	  42796	   a72c	LEDMATRIX_VITIS.elf
'Finished building: LEDMATRIX_VITIS.elf.size'
' '
20:22:08 **** Incremental Build of configuration Debug for project LEDMATRIX_VITIS ****
make all 
make --no-print-directory pre-build
a9-linaro-pre-build-step
' '
make --no-print-directory main-build
'Building file: ../src/helloworld.c'
'Invoking: ARM v7 gcc compiler'
arm-none-eabi-gcc -Wall -O0 -g3 -c -fmessage-length=0 -MT"src/helloworld.o" -mcpu=cortex-a9 -mfpu=vfpv3 -mfloat-abi=hard -IC:/LEDMATRIX_PROJECT/design_1_wrapper/export/design_1_wrapper/sw/design_1_wrapper/standalone_domain/bspinclude/include -MMD -MP -MF"src/helloworld.d" -MT"src/helloworld.o" -o "src/helloworld.o" "../src/helloworld.c"
'Finished building: ../src/helloworld.c'
' '
'Building target: LEDMATRIX_VITIS.elf'
'Invoking: ARM v7 gcc linker'
arm-none-eabi-gcc -mcpu=cortex-a9 -mfpu=vfpv3 -mfloat-abi=hard -Wl,-build-id=none -specs=Xilinx.spec -Wl,-T -Wl,../src/lscript.ld -LC:/LEDMATRIX_PROJECT/design_1_wrapper/export/design_1_wrapper/sw/design_1_wrapper/standalone_domain/bsplib/lib -o "LEDMATRIX_VITIS.elf"  ./src/helloworld.o ./src/platform.o   -Wl,--start-group,-lxil,-lgcc,-lc,--end-group
'Finished building target: LEDMATRIX_VITIS.elf'
' '
'Invoking: ARM v7 Print Size'
arm-none-eabi-size LEDMATRIX_VITIS.elf  |tee "LEDMATRIX_VITIS.elf.size"
   text	   data	    bss	    dec	    hex	filename
  19084	   1144	  22568	  42796	   a72c	LEDMATRIX_VITIS.elf
'Finished building: LEDMATRIX_VITIS.elf.size'
' '
20:22:24 **** Incremental Build of configuration Debug for project LEDMATRIX_VITIS ****
make all 
make --no-print-directory pre-build
a9-linaro-pre-build-step
' '
make --no-print-directory main-build
'Building file: ../src/helloworld.c'
'Invoking: ARM v7 gcc compiler'
arm-none-eabi-gcc -Wall -O0 -g3 -c -fmessage-length=0 -MT"src/helloworld.o" -mcpu=cortex-a9 -mfpu=vfpv3 -mfloat-abi=hard -IC:/LEDMATRIX_PROJECT/design_1_wrapper/export/design_1_wrapper/sw/design_1_wrapper/standalone_domain/bspinclude/include -MMD -MP -MF"src/helloworld.d" -MT"src/helloworld.o" -o "src/helloworld.o" "../src/helloworld.c"
'Finished building: ../src/helloworld.c'
' '
'Building target: LEDMATRIX_VITIS.elf'
'Invoking: ARM v7 gcc linker'
arm-none-eabi-gcc -mcpu=cortex-a9 -mfpu=vfpv3 -mfloat-abi=hard -Wl,-build-id=none -specs=Xilinx.spec -Wl,-T -Wl,../src/lscript.ld -LC:/LEDMATRIX_PROJECT/design_1_wrapper/export/design_1_wrapper/sw/design_1_wrapper/standalone_domain/bsplib/lib -o "LEDMATRIX_VITIS.elf"  ./src/helloworld.o ./src/platform.o   -Wl,--start-group,-lxil,-lgcc,-lc,--end-group
'Finished building target: LEDMATRIX_VITIS.elf'
' '
'Invoking: ARM v7 Print Size'
arm-none-eabi-size LEDMATRIX_VITIS.elf  |tee "LEDMATRIX_VITIS.elf.size"
   text	   data	    bss	    dec	    hex	filename
  19084	   1144	  22568	  42796	   a72c	LEDMATRIX_VITIS.elf
'Finished building: LEDMATRIX_VITIS.elf.size'
' '
20:23:02 **** Incremental Build of configuration Debug for project LEDMATRIX_VITIS ****
make all 
make --no-print-directory pre-build
a9-linaro-pre-build-step
' '
make --no-print-directory main-build
'Building file: ../src/helloworld.c'
'Invoking: ARM v7 gcc compiler'
arm-none-eabi-gcc -Wall -O0 -g3 -c -fmessage-length=0 -MT"src/helloworld.o" -mcpu=cortex-a9 -mfpu=vfpv3 -mfloat-abi=hard -IC:/LEDMATRIX_PROJECT/design_1_wrapper/export/design_1_wrapper/sw/design_1_wrapper/standalone_domain/bspinclude/include -MMD -MP -MF"src/helloworld.d" -MT"src/helloworld.o" -o "src/helloworld.o" "../src/helloworld.c"
'Finished building: ../src/helloworld.c'
' '
'Building target: LEDMATRIX_VITIS.elf'
'Invoking: ARM v7 gcc linker'
arm-none-eabi-gcc -mcpu=cortex-a9 -mfpu=vfpv3 -mfloat-abi=hard -Wl,-build-id=none -specs=Xilinx.spec -Wl,-T -Wl,../src/lscript.ld -LC:/LEDMATRIX_PROJECT/design_1_wrapper/export/design_1_wrapper/sw/design_1_wrapper/standalone_domain/bsplib/lib -o "LEDMATRIX_VITIS.elf"  ./src/helloworld.o ./src/platform.o   -Wl,--start-group,-lxil,-lgcc,-lc,--end-group
'Finished building target: LEDMATRIX_VITIS.elf'
' '
'Invoking: ARM v7 Print Size'
arm-none-eabi-size LEDMATRIX_VITIS.elf  |tee "LEDMATRIX_VITIS.elf.size"
   text	   data	    bss	    dec	    hex	filename
  19084	   1144	  22568	  42796	   a72c	LEDMATRIX_VITIS.elf
'Finished building: LEDMATRIX_VITIS.elf.size'
' '
20:23:38 **** Incremental Build of configuration Debug for project LEDMATRIX_VITIS ****
make all 
make --no-print-directory pre-build
a9-linaro-pre-build-step
' '
make --no-print-directory main-build
'Building file: ../src/helloworld.c'
'Invoking: ARM v7 gcc compiler'
arm-none-eabi-gcc -Wall -O0 -g3 -c -fmessage-length=0 -MT"src/helloworld.o" -mcpu=cortex-a9 -mfpu=vfpv3 -mfloat-abi=hard -IC:/LEDMATRIX_PROJECT/design_1_wrapper/export/design_1_wrapper/sw/design_1_wrapper/standalone_domain/bspinclude/include -MMD -MP -MF"src/helloworld.d" -MT"src/helloworld.o" -o "src/helloworld.o" "../src/helloworld.c"
'Finished building: ../src/helloworld.c'
' '
'Building target: LEDMATRIX_VITIS.elf'
'Invoking: ARM v7 gcc linker'
arm-none-eabi-gcc -mcpu=cortex-a9 -mfpu=vfpv3 -mfloat-abi=hard -Wl,-build-id=none -specs=Xilinx.spec -Wl,-T -Wl,../src/lscript.ld -LC:/LEDMATRIX_PROJECT/design_1_wrapper/export/design_1_wrapper/sw/design_1_wrapper/standalone_domain/bsplib/lib -o "LEDMATRIX_VITIS.elf"  ./src/helloworld.o ./src/platform.o   -Wl,--start-group,-lxil,-lgcc,-lc,--end-group
'Finished building target: LEDMATRIX_VITIS.elf'
' '
'Invoking: ARM v7 Print Size'
arm-none-eabi-size LEDMATRIX_VITIS.elf  |tee "LEDMATRIX_VITIS.elf.size"
   text	   data	    bss	    dec	    hex	filename
  19084	   1144	  22568	  42796	   a72c	LEDMATRIX_VITIS.elf
'Finished building: LEDMATRIX_VITIS.elf.size'
' '
20:24:17 **** Incremental Build of configuration Debug for project LEDMATRIX_VITIS ****
make all 
make --no-print-directory pre-build
a9-linaro-pre-build-step
' '
make --no-print-directory main-build
'Building file: ../src/helloworld.c'
'Invoking: ARM v7 gcc compiler'
arm-none-eabi-gcc -Wall -O0 -g3 -c -fmessage-length=0 -MT"src/helloworld.o" -mcpu=cortex-a9 -mfpu=vfpv3 -mfloat-abi=hard -IC:/LEDMATRIX_PROJECT/design_1_wrapper/export/design_1_wrapper/sw/design_1_wrapper/standalone_domain/bspinclude/include -MMD -MP -MF"src/helloworld.d" -MT"src/helloworld.o" -o "src/helloworld.o" "../src/helloworld.c"
'Finished building: ../src/helloworld.c'
' '
'Building target: LEDMATRIX_VITIS.elf'
'Invoking: ARM v7 gcc linker'
arm-none-eabi-gcc -mcpu=cortex-a9 -mfpu=vfpv3 -mfloat-abi=hard -Wl,-build-id=none -specs=Xilinx.spec -Wl,-T -Wl,../src/lscript.ld -LC:/LEDMATRIX_PROJECT/design_1_wrapper/export/design_1_wrapper/sw/design_1_wrapper/standalone_domain/bsplib/lib -o "LEDMATRIX_VITIS.elf"  ./src/helloworld.o ./src/platform.o   -Wl,--start-group,-lxil,-lgcc,-lc,--end-group
'Finished building target: LEDMATRIX_VITIS.elf'
' '
'Invoking: ARM v7 Print Size'
arm-none-eabi-size LEDMATRIX_VITIS.elf  |tee "LEDMATRIX_VITIS.elf.size"
   text	   data	    bss	    dec	    hex	filename
  19084	   1144	  22568	  42796	   a72c	LEDMATRIX_VITIS.elf
'Finished building: LEDMATRIX_VITIS.elf.size'
' '
20:24:58 **** Incremental Build of configuration Debug for project LEDMATRIX_VITIS ****
make all 
make --no-print-directory pre-build
a9-linaro-pre-build-step
' '
make --no-print-directory main-build
'Building file: ../src/helloworld.c'
'Invoking: ARM v7 gcc compiler'
arm-none-eabi-gcc -Wall -O0 -g3 -c -fmessage-length=0 -MT"src/helloworld.o" -mcpu=cortex-a9 -mfpu=vfpv3 -mfloat-abi=hard -IC:/LEDMATRIX_PROJECT/design_1_wrapper/export/design_1_wrapper/sw/design_1_wrapper/standalone_domain/bspinclude/include -MMD -MP -MF"src/helloworld.d" -MT"src/helloworld.o" -o "src/helloworld.o" "../src/helloworld.c"
'Finished building: ../src/helloworld.c'
' '
'Building target: LEDMATRIX_VITIS.elf'
'Invoking: ARM v7 gcc linker'
arm-none-eabi-gcc -mcpu=cortex-a9 -mfpu=vfpv3 -mfloat-abi=hard -Wl,-build-id=none -specs=Xilinx.spec -Wl,-T -Wl,../src/lscript.ld -LC:/LEDMATRIX_PROJECT/design_1_wrapper/export/design_1_wrapper/sw/design_1_wrapper/standalone_domain/bsplib/lib -o "LEDMATRIX_VITIS.elf"  ./src/helloworld.o ./src/platform.o   -Wl,--start-group,-lxil,-lgcc,-lc,--end-group
'Finished building target: LEDMATRIX_VITIS.elf'
' '
'Invoking: ARM v7 Print Size'
arm-none-eabi-size LEDMATRIX_VITIS.elf  |tee "LEDMATRIX_VITIS.elf.size"
   text	   data	    bss	    dec	    hex	filename
  19084	   1144	  22568	  42796	   a72c	LEDMATRIX_VITIS.elf
'Finished building: LEDMATRIX_VITIS.elf.size'
' '
20:25:43 **** Incremental Build of configuration Debug for project LEDMATRIX_VITIS ****
make all 
make --no-print-directory pre-build
a9-linaro-pre-build-step
' '
make --no-print-directory main-build
'Building file: ../src/helloworld.c'
'Invoking: ARM v7 gcc compiler'
arm-none-eabi-gcc -Wall -O0 -g3 -c -fmessage-length=0 -MT"src/helloworld.o" -mcpu=cortex-a9 -mfpu=vfpv3 -mfloat-abi=hard -IC:/LEDMATRIX_PROJECT/design_1_wrapper/export/design_1_wrapper/sw/design_1_wrapper/standalone_domain/bspinclude/include -MMD -MP -MF"src/helloworld.d" -MT"src/helloworld.o" -o "src/helloworld.o" "../src/helloworld.c"
'Finished building: ../src/helloworld.c'
' '
'Building target: LEDMATRIX_VITIS.elf'
'Invoking: ARM v7 gcc linker'
arm-none-eabi-gcc -mcpu=cortex-a9 -mfpu=vfpv3 -mfloat-abi=hard -Wl,-build-id=none -specs=Xilinx.spec -Wl,-T -Wl,../src/lscript.ld -LC:/LEDMATRIX_PROJECT/design_1_wrapper/export/design_1_wrapper/sw/design_1_wrapper/standalone_domain/bsplib/lib -o "LEDMATRIX_VITIS.elf"  ./src/helloworld.o ./src/platform.o   -Wl,--start-group,-lxil,-lgcc,-lc,--end-group
'Finished building target: LEDMATRIX_VITIS.elf'
' '
'Invoking: ARM v7 Print Size'
arm-none-eabi-size LEDMATRIX_VITIS.elf  |tee "LEDMATRIX_VITIS.elf.size"
   text	   data	    bss	    dec	    hex	filename
  19076	   1144	  22568	  42788	   a724	LEDMATRIX_VITIS.elf
'Finished building: LEDMATRIX_VITIS.elf.size'
' '
20:26:50 **** Incremental Build of configuration Debug for project LEDMATRIX_VITIS ****
make all 
make --no-print-directory pre-build
a9-linaro-pre-build-step
' '
make --no-print-directory main-build
'Building file: ../src/helloworld.c'
'Invoking: ARM v7 gcc compiler'
arm-none-eabi-gcc -Wall -O0 -g3 -c -fmessage-length=0 -MT"src/helloworld.o" -mcpu=cortex-a9 -mfpu=vfpv3 -mfloat-abi=hard -IC:/LEDMATRIX_PROJECT/design_1_wrapper/export/design_1_wrapper/sw/design_1_wrapper/standalone_domain/bspinclude/include -MMD -MP -MF"src/helloworld.d" -MT"src/helloworld.o" -o "src/helloworld.o" "../src/helloworld.c"
'Finished building: ../src/helloworld.c'
' '
'Building target: LEDMATRIX_VITIS.elf'
'Invoking: ARM v7 gcc linker'
arm-none-eabi-gcc -mcpu=cortex-a9 -mfpu=vfpv3 -mfloat-abi=hard -Wl,-build-id=none -specs=Xilinx.spec -Wl,-T -Wl,../src/lscript.ld -LC:/LEDMATRIX_PROJECT/design_1_wrapper/export/design_1_wrapper/sw/design_1_wrapper/standalone_domain/bsplib/lib -o "LEDMATRIX_VITIS.elf"  ./src/helloworld.o ./src/platform.o   -Wl,--start-group,-lxil,-lgcc,-lc,--end-group
'Finished building target: LEDMATRIX_VITIS.elf'
' '
'Invoking: ARM v7 Print Size'
arm-none-eabi-size LEDMATRIX_VITIS.elf  |tee "LEDMATRIX_VITIS.elf.size"
   text	   data	    bss	    dec	    hex	filename
  19004	   1144	  22568	  42716	   a6dc	LEDMATRIX_VITIS.elf
'Finished building: LEDMATRIX_VITIS.elf.size'
' '
20:27:33 **** Incremental Build of configuration Debug for project LEDMATRIX_VITIS ****
make all 
make --no-print-directory pre-build
a9-linaro-pre-build-step
' '
make --no-print-directory main-build
'Building file: ../src/helloworld.c'
'Invoking: ARM v7 gcc compiler'
arm-none-eabi-gcc -Wall -O0 -g3 -c -fmessage-length=0 -MT"src/helloworld.o" -mcpu=cortex-a9 -mfpu=vfpv3 -mfloat-abi=hard -IC:/LEDMATRIX_PROJECT/design_1_wrapper/export/design_1_wrapper/sw/design_1_wrapper/standalone_domain/bspinclude/include -MMD -MP -MF"src/helloworld.d" -MT"src/helloworld.o" -o "src/helloworld.o" "../src/helloworld.c"
'Finished building: ../src/helloworld.c'
' '
'Building target: LEDMATRIX_VITIS.elf'
'Invoking: ARM v7 gcc linker'
arm-none-eabi-gcc -mcpu=cortex-a9 -mfpu=vfpv3 -mfloat-abi=hard -Wl,-build-id=none -specs=Xilinx.spec -Wl,-T -Wl,../src/lscript.ld -LC:/LEDMATRIX_PROJECT/design_1_wrapper/export/design_1_wrapper/sw/design_1_wrapper/standalone_domain/bsplib/lib -o "LEDMATRIX_VITIS.elf"  ./src/helloworld.o ./src/platform.o   -Wl,--start-group,-lxil,-lgcc,-lc,--end-group
'Finished building target: LEDMATRIX_VITIS.elf'
' '
'Invoking: ARM v7 Print Size'
arm-none-eabi-size LEDMATRIX_VITIS.elf  |tee "LEDMATRIX_VITIS.elf.size"
   text	   data	    bss	    dec	    hex	filename
  19004	   1144	  22568	  42716	   a6dc	LEDMATRIX_VITIS.elf
'Finished building: LEDMATRIX_VITIS.elf.size'
' '
20:28:12 **** Incremental Build of configuration Debug for project LEDMATRIX_VITIS ****
make all 
make --no-print-directory pre-build
a9-linaro-pre-build-step
' '
make --no-print-directory main-build
'Building file: ../src/helloworld.c'
'Invoking: ARM v7 gcc compiler'
arm-none-eabi-gcc -Wall -O0 -g3 -c -fmessage-length=0 -MT"src/helloworld.o" -mcpu=cortex-a9 -mfpu=vfpv3 -mfloat-abi=hard -IC:/LEDMATRIX_PROJECT/design_1_wrapper/export/design_1_wrapper/sw/design_1_wrapper/standalone_domain/bspinclude/include -MMD -MP -MF"src/helloworld.d" -MT"src/helloworld.o" -o "src/helloworld.o" "../src/helloworld.c"
'Finished building: ../src/helloworld.c'
' '
'Building target: LEDMATRIX_VITIS.elf'
'Invoking: ARM v7 gcc linker'
arm-none-eabi-gcc -mcpu=cortex-a9 -mfpu=vfpv3 -mfloat-abi=hard -Wl,-build-id=none -specs=Xilinx.spec -Wl,-T -Wl,../src/lscript.ld -LC:/LEDMATRIX_PROJECT/design_1_wrapper/export/design_1_wrapper/sw/design_1_wrapper/standalone_domain/bsplib/lib -o "LEDMATRIX_VITIS.elf"  ./src/helloworld.o ./src/platform.o   -Wl,--start-group,-lxil,-lgcc,-lc,--end-group
'Finished building target: LEDMATRIX_VITIS.elf'
' '
'Invoking: ARM v7 Print Size'
arm-none-eabi-size LEDMATRIX_VITIS.elf  |tee "LEDMATRIX_VITIS.elf.size"
   text	   data	    bss	    dec	    hex	filename
  19004	   1144	  22568	  42716	   a6dc	LEDMATRIX_VITIS.elf
'Finished building: LEDMATRIX_VITIS.elf.size'
' '
20:30:19 **** Incremental Build of configuration Debug for project LEDMATRIX_VITIS ****
make all 
make --no-print-directory pre-build
a9-linaro-pre-build-step
' '
make --no-print-directory main-build
'Building file: ../src/helloworld.c'
'Invoking: ARM v7 gcc compiler'
arm-none-eabi-gcc -Wall -O0 -g3 -c -fmessage-length=0 -MT"src/helloworld.o" -mcpu=cortex-a9 -mfpu=vfpv3 -mfloat-abi=hard -IC:/LEDMATRIX_PROJECT/design_1_wrapper/export/design_1_wrapper/sw/design_1_wrapper/standalone_domain/bspinclude/include -MMD -MP -MF"src/helloworld.d" -MT"src/helloworld.o" -o "src/helloworld.o" "../src/helloworld.c"
'Finished building: ../src/helloworld.c'
' '
'Building target: LEDMATRIX_VITIS.elf'
'Invoking: ARM v7 gcc linker'
arm-none-eabi-gcc -mcpu=cortex-a9 -mfpu=vfpv3 -mfloat-abi=hard -Wl,-build-id=none -specs=Xilinx.spec -Wl,-T -Wl,../src/lscript.ld -LC:/LEDMATRIX_PROJECT/design_1_wrapper/export/design_1_wrapper/sw/design_1_wrapper/standalone_domain/bsplib/lib -o "LEDMATRIX_VITIS.elf"  ./src/helloworld.o ./src/platform.o   -Wl,--start-group,-lxil,-lgcc,-lc,--end-group
'Finished building target: LEDMATRIX_VITIS.elf'
' '
'Invoking: ARM v7 Print Size'
arm-none-eabi-size LEDMATRIX_VITIS.elf  |tee "LEDMATRIX_VITIS.elf.size"
   text	   data	    bss	    dec	    hex	filename
  19028	   1144	  22568	  42740	   a6f4	LEDMATRIX_VITIS.elf
'Finished building: LEDMATRIX_VITIS.elf.size'
' '
20:31:30 **** Incremental Build of configuration Debug for project LEDMATRIX_VITIS ****
make all 
make --no-print-directory pre-build
a9-linaro-pre-build-step
' '
make --no-print-directory main-build
'Building file: ../src/helloworld.c'
'Invoking: ARM v7 gcc compiler'
arm-none-eabi-gcc -Wall -O0 -g3 -c -fmessage-length=0 -MT"src/helloworld.o" -mcpu=cortex-a9 -mfpu=vfpv3 -mfloat-abi=hard -IC:/LEDMATRIX_PROJECT/design_1_wrapper/export/design_1_wrapper/sw/design_1_wrapper/standalone_domain/bspinclude/include -MMD -MP -MF"src/helloworld.d" -MT"src/helloworld.o" -o "src/helloworld.o" "../src/helloworld.c"
'Finished building: ../src/helloworld.c'
' '
'Building target: LEDMATRIX_VITIS.elf'
'Invoking: ARM v7 gcc linker'
arm-none-eabi-gcc -mcpu=cortex-a9 -mfpu=vfpv3 -mfloat-abi=hard -Wl,-build-id=none -specs=Xilinx.spec -Wl,-T -Wl,../src/lscript.ld -LC:/LEDMATRIX_PROJECT/design_1_wrapper/export/design_1_wrapper/sw/design_1_wrapper/standalone_domain/bsplib/lib -o "LEDMATRIX_VITIS.elf"  ./src/helloworld.o ./src/platform.o   -Wl,--start-group,-lxil,-lgcc,-lc,--end-group
'Finished building target: LEDMATRIX_VITIS.elf'
' '
'Invoking: ARM v7 Print Size'
arm-none-eabi-size LEDMATRIX_VITIS.elf  |tee "LEDMATRIX_VITIS.elf.size"
   text	   data	    bss	    dec	    hex	filename
  19028	   1144	  22568	  42740	   a6f4	LEDMATRIX_VITIS.elf
'Finished building: LEDMATRIX_VITIS.elf.size'
' '
20:33:02 **** Incremental Build of configuration Debug for project LEDMATRIX_VITIS_system ****
make all 
Generating bif file for the system project
generate_system_bif.bat 49660 C:/LEDMATRIX_PROJECT/design_1_wrapper/export/design_1_wrapper/design_1_wrapper.xpfm standalone_domain C:/LEDMATRIX_PROJECT/LEDMATRIX_VITIS_system/Debug/system.bif
sdcard_gen --xpfm C:/LEDMATRIX_PROJECT/design_1_wrapper/export/design_1_wrapper/design_1_wrapper.xpfm --sys_config design_1_wrapper --bif C:/LEDMATRIX_PROJECT/LEDMATRIX_VITIS_system/Debug/system.bif --bitstream C:/LEDMATRIX_PROJECT/LEDMATRIX_VITIS/_ide/bitstream/design_1_wrapper.bit --elf C:/LEDMATRIX_PROJECT/LEDMATRIX_VITIS/Debug/LEDMATRIX_VITIS.elf,ps7_cortexa9_0
creating BOOT.BIN using C:/LEDMATRIX_PROJECT/LEDMATRIX_VITIS/_ide/bitstream/design_1_wrapper.bit
Running C:/Xilinx/Vitis/2019.2/bin/bootgen  -image C:/LEDMATRIX_PROJECT/LEDMATRIX_VITIS_system/Debug/sd_card_temp/boot.bif -w -o i BOOT.BIN
20:33:16 **** Incremental Build of configuration Debug for project LEDMATRIX_VITIS ****
make all 
make --no-print-directory pre-build
a9-linaro-pre-build-step
' '
make --no-print-directory main-build
'Building file: ../src/helloworld.c'
'Invoking: ARM v7 gcc compiler'
arm-none-eabi-gcc -Wall -O0 -g3 -c -fmessage-length=0 -MT"src/helloworld.o" -mcpu=cortex-a9 -mfpu=vfpv3 -mfloat-abi=hard -IC:/LEDMATRIX_PROJECT/design_1_wrapper/export/design_1_wrapper/sw/design_1_wrapper/standalone_domain/bspinclude/include -MMD -MP -MF"src/helloworld.d" -MT"src/helloworld.o" -o "src/helloworld.o" "../src/helloworld.c"
'Finished building: ../src/helloworld.c'
' '
'Building target: LEDMATRIX_VITIS.elf'
'Invoking: ARM v7 gcc linker'
arm-none-eabi-gcc -mcpu=cortex-a9 -mfpu=vfpv3 -mfloat-abi=hard -Wl,-build-id=none -specs=Xilinx.spec -Wl,-T -Wl,../src/lscript.ld -LC:/LEDMATRIX_PROJECT/design_1_wrapper/export/design_1_wrapper/sw/design_1_wrapper/standalone_domain/bsplib/lib -o "LEDMATRIX_VITIS.elf"  ./src/helloworld.o ./src/platform.o   -Wl,--start-group,-lxil,-lgcc,-lc,--end-group
'Finished building target: LEDMATRIX_VITIS.elf'
' '
'Invoking: ARM v7 Print Size'
arm-none-eabi-size LEDMATRIX_VITIS.elf  |tee "LEDMATRIX_VITIS.elf.size"
   text	   data	    bss	    dec	    hex	filename
  19028	   1144	  22568	  42740	   a6f4	LEDMATRIX_VITIS.elf
'Finished building: LEDMATRIX_VITIS.elf.size'
' '
20:34:27 **** Incremental Build of configuration Debug for project LEDMATRIX_VITIS ****
make all 
make --no-print-directory pre-build
a9-linaro-pre-build-step
' '
make --no-print-directory main-build
'Building file: ../src/helloworld.c'
'Invoking: ARM v7 gcc compiler'
arm-none-eabi-gcc -Wall -O0 -g3 -c -fmessage-length=0 -MT"src/helloworld.o" -mcpu=cortex-a9 -mfpu=vfpv3 -mfloat-abi=hard -IC:/LEDMATRIX_PROJECT/design_1_wrapper/export/design_1_wrapper/sw/design_1_wrapper/standalone_domain/bspinclude/include -MMD -MP -MF"src/helloworld.d" -MT"src/helloworld.o" -o "src/helloworld.o" "../src/helloworld.c"
'Finished building: ../src/helloworld.c'
' '
'Building target: LEDMATRIX_VITIS.elf'
'Invoking: ARM v7 gcc linker'
arm-none-eabi-gcc -mcpu=cortex-a9 -mfpu=vfpv3 -mfloat-abi=hard -Wl,-build-id=none -specs=Xilinx.spec -Wl,-T -Wl,../src/lscript.ld -LC:/LEDMATRIX_PROJECT/design_1_wrapper/export/design_1_wrapper/sw/design_1_wrapper/standalone_domain/bsplib/lib -o "LEDMATRIX_VITIS.elf"  ./src/helloworld.o ./src/platform.o   -Wl,--start-group,-lxil,-lgcc,-lc,--end-group
'Finished building target: LEDMATRIX_VITIS.elf'
' '
'Invoking: ARM v7 Print Size'
arm-none-eabi-size LEDMATRIX_VITIS.elf  |tee "LEDMATRIX_VITIS.elf.size"
   text	   data	    bss	    dec	    hex	filename
  19028	   1144	  22568	  42740	   a6f4	LEDMATRIX_VITIS.elf
'Finished building: LEDMATRIX_VITIS.elf.size'
' '
20:35:21 **** Incremental Build of configuration Debug for project LEDMATRIX_VITIS ****
make all 
make --no-print-directory pre-build
a9-linaro-pre-build-step
' '
make --no-print-directory main-build
'Building file: ../src/helloworld.c'
'Invoking: ARM v7 gcc compiler'
arm-none-eabi-gcc -Wall -O0 -g3 -c -fmessage-length=0 -MT"src/helloworld.o" -mcpu=cortex-a9 -mfpu=vfpv3 -mfloat-abi=hard -IC:/LEDMATRIX_PROJECT/design_1_wrapper/export/design_1_wrapper/sw/design_1_wrapper/standalone_domain/bspinclude/include -MMD -MP -MF"src/helloworld.d" -MT"src/helloworld.o" -o "src/helloworld.o" "../src/helloworld.c"
'Finished building: ../src/helloworld.c'
' '
'Building target: LEDMATRIX_VITIS.elf'
'Invoking: ARM v7 gcc linker'
arm-none-eabi-gcc -mcpu=cortex-a9 -mfpu=vfpv3 -mfloat-abi=hard -Wl,-build-id=none -specs=Xilinx.spec -Wl,-T -Wl,../src/lscript.ld -LC:/LEDMATRIX_PROJECT/design_1_wrapper/export/design_1_wrapper/sw/design_1_wrapper/standalone_domain/bsplib/lib -o "LEDMATRIX_VITIS.elf"  ./src/helloworld.o ./src/platform.o   -Wl,--start-group,-lxil,-lgcc,-lc,--end-group
'Finished building target: LEDMATRIX_VITIS.elf'
' '
'Invoking: ARM v7 Print Size'
arm-none-eabi-size LEDMATRIX_VITIS.elf  |tee "LEDMATRIX_VITIS.elf.size"
   text	   data	    bss	    dec	    hex	filename
  19028	   1144	  22568	  42740	   a6f4	LEDMATRIX_VITIS.elf
'Finished building: LEDMATRIX_VITIS.elf.size'
' '
20:35:55 **** Incremental Build of configuration Debug for project LEDMATRIX_VITIS ****
make all 
make --no-print-directory pre-build
a9-linaro-pre-build-step
' '
make --no-print-directory main-build
'Building file: ../src/helloworld.c'
'Invoking: ARM v7 gcc compiler'
arm-none-eabi-gcc -Wall -O0 -g3 -c -fmessage-length=0 -MT"src/helloworld.o" -mcpu=cortex-a9 -mfpu=vfpv3 -mfloat-abi=hard -IC:/LEDMATRIX_PROJECT/design_1_wrapper/export/design_1_wrapper/sw/design_1_wrapper/standalone_domain/bspinclude/include -MMD -MP -MF"src/helloworld.d" -MT"src/helloworld.o" -o "src/helloworld.o" "../src/helloworld.c"
'Finished building: ../src/helloworld.c'
' '
'Building target: LEDMATRIX_VITIS.elf'
'Invoking: ARM v7 gcc linker'
arm-none-eabi-gcc -mcpu=cortex-a9 -mfpu=vfpv3 -mfloat-abi=hard -Wl,-build-id=none -specs=Xilinx.spec -Wl,-T -Wl,../src/lscript.ld -LC:/LEDMATRIX_PROJECT/design_1_wrapper/export/design_1_wrapper/sw/design_1_wrapper/standalone_domain/bsplib/lib -o "LEDMATRIX_VITIS.elf"  ./src/helloworld.o ./src/platform.o   -Wl,--start-group,-lxil,-lgcc,-lc,--end-group
'Finished building target: LEDMATRIX_VITIS.elf'
' '
'Invoking: ARM v7 Print Size'
arm-none-eabi-size LEDMATRIX_VITIS.elf  |tee "LEDMATRIX_VITIS.elf.size"
   text	   data	    bss	    dec	    hex	filename
  19028	   1144	  22568	  42740	   a6f4	LEDMATRIX_VITIS.elf
'Finished building: LEDMATRIX_VITIS.elf.size'
' '
20:36:48 **** Incremental Build of configuration Debug for project LEDMATRIX_VITIS ****
make all 
make --no-print-directory pre-build
a9-linaro-pre-build-step
' '
make --no-print-directory main-build
'Building file: ../src/helloworld.c'
'Invoking: ARM v7 gcc compiler'
arm-none-eabi-gcc -Wall -O0 -g3 -c -fmessage-length=0 -MT"src/helloworld.o" -mcpu=cortex-a9 -mfpu=vfpv3 -mfloat-abi=hard -IC:/LEDMATRIX_PROJECT/design_1_wrapper/export/design_1_wrapper/sw/design_1_wrapper/standalone_domain/bspinclude/include -MMD -MP -MF"src/helloworld.d" -MT"src/helloworld.o" -o "src/helloworld.o" "../src/helloworld.c"
'Finished building: ../src/helloworld.c'
' '
'Building target: LEDMATRIX_VITIS.elf'
'Invoking: ARM v7 gcc linker'
arm-none-eabi-gcc -mcpu=cortex-a9 -mfpu=vfpv3 -mfloat-abi=hard -Wl,-build-id=none -specs=Xilinx.spec -Wl,-T -Wl,../src/lscript.ld -LC:/LEDMATRIX_PROJECT/design_1_wrapper/export/design_1_wrapper/sw/design_1_wrapper/standalone_domain/bsplib/lib -o "LEDMATRIX_VITIS.elf"  ./src/helloworld.o ./src/platform.o   -Wl,--start-group,-lxil,-lgcc,-lc,--end-group
'Finished building target: LEDMATRIX_VITIS.elf'
' '
'Invoking: ARM v7 Print Size'
arm-none-eabi-size LEDMATRIX_VITIS.elf  |tee "LEDMATRIX_VITIS.elf.size"
   text	   data	    bss	    dec	    hex	filename
  19028	   1144	  22568	  42740	   a6f4	LEDMATRIX_VITIS.elf
'Finished building: LEDMATRIX_VITIS.elf.size'
' '
20:37:20 **** Incremental Build of configuration Debug for project LEDMATRIX_VITIS ****
make all 
make --no-print-directory pre-build
a9-linaro-pre-build-step
' '
make --no-print-directory main-build
'Building file: ../src/helloworld.c'
'Invoking: ARM v7 gcc compiler'
arm-none-eabi-gcc -Wall -O0 -g3 -c -fmessage-length=0 -MT"src/helloworld.o" -mcpu=cortex-a9 -mfpu=vfpv3 -mfloat-abi=hard -IC:/LEDMATRIX_PROJECT/design_1_wrapper/export/design_1_wrapper/sw/design_1_wrapper/standalone_domain/bspinclude/include -MMD -MP -MF"src/helloworld.d" -MT"src/helloworld.o" -o "src/helloworld.o" "../src/helloworld.c"
'Finished building: ../src/helloworld.c'
' '
'Building target: LEDMATRIX_VITIS.elf'
'Invoking: ARM v7 gcc linker'
arm-none-eabi-gcc -mcpu=cortex-a9 -mfpu=vfpv3 -mfloat-abi=hard -Wl,-build-id=none -specs=Xilinx.spec -Wl,-T -Wl,../src/lscript.ld -LC:/LEDMATRIX_PROJECT/design_1_wrapper/export/design_1_wrapper/sw/design_1_wrapper/standalone_domain/bsplib/lib -o "LEDMATRIX_VITIS.elf"  ./src/helloworld.o ./src/platform.o   -Wl,--start-group,-lxil,-lgcc,-lc,--end-group
'Finished building target: LEDMATRIX_VITIS.elf'
' '
'Invoking: ARM v7 Print Size'
arm-none-eabi-size LEDMATRIX_VITIS.elf  |tee "LEDMATRIX_VITIS.elf.size"
   text	   data	    bss	    dec	    hex	filename
  19028	   1144	  22568	  42740	   a6f4	LEDMATRIX_VITIS.elf
'Finished building: LEDMATRIX_VITIS.elf.size'
' '
20:38:02 **** Incremental Build of configuration Debug for project LEDMATRIX_VITIS ****
make all 
make --no-print-directory pre-build
a9-linaro-pre-build-step
' '
make --no-print-directory main-build
'Building file: ../src/helloworld.c'
'Invoking: ARM v7 gcc compiler'
arm-none-eabi-gcc -Wall -O0 -g3 -c -fmessage-length=0 -MT"src/helloworld.o" -mcpu=cortex-a9 -mfpu=vfpv3 -mfloat-abi=hard -IC:/LEDMATRIX_PROJECT/design_1_wrapper/export/design_1_wrapper/sw/design_1_wrapper/standalone_domain/bspinclude/include -MMD -MP -MF"src/helloworld.d" -MT"src/helloworld.o" -o "src/helloworld.o" "../src/helloworld.c"
'Finished building: ../src/helloworld.c'
' '
'Building target: LEDMATRIX_VITIS.elf'
'Invoking: ARM v7 gcc linker'
arm-none-eabi-gcc -mcpu=cortex-a9 -mfpu=vfpv3 -mfloat-abi=hard -Wl,-build-id=none -specs=Xilinx.spec -Wl,-T -Wl,../src/lscript.ld -LC:/LEDMATRIX_PROJECT/design_1_wrapper/export/design_1_wrapper/sw/design_1_wrapper/standalone_domain/bsplib/lib -o "LEDMATRIX_VITIS.elf"  ./src/helloworld.o ./src/platform.o   -Wl,--start-group,-lxil,-lgcc,-lc,--end-group
'Finished building target: LEDMATRIX_VITIS.elf'
' '
'Invoking: ARM v7 Print Size'
arm-none-eabi-size LEDMATRIX_VITIS.elf  |tee "LEDMATRIX_VITIS.elf.size"
   text	   data	    bss	    dec	    hex	filename
  19028	   1144	  22568	  42740	   a6f4	LEDMATRIX_VITIS.elf
'Finished building: LEDMATRIX_VITIS.elf.size'
' '
20:39:14 **** Incremental Build of configuration Debug for project LEDMATRIX_VITIS ****
make all 
make --no-print-directory pre-build
a9-linaro-pre-build-step
' '
make --no-print-directory main-build
'Building file: ../src/helloworld.c'
'Invoking: ARM v7 gcc compiler'
arm-none-eabi-gcc -Wall -O0 -g3 -c -fmessage-length=0 -MT"src/helloworld.o" -mcpu=cortex-a9 -mfpu=vfpv3 -mfloat-abi=hard -IC:/LEDMATRIX_PROJECT/design_1_wrapper/export/design_1_wrapper/sw/design_1_wrapper/standalone_domain/bspinclude/include -MMD -MP -MF"src/helloworld.d" -MT"src/helloworld.o" -o "src/helloworld.o" "../src/helloworld.c"
'Finished building: ../src/helloworld.c'
' '
'Building target: LEDMATRIX_VITIS.elf'
'Invoking: ARM v7 gcc linker'
arm-none-eabi-gcc -mcpu=cortex-a9 -mfpu=vfpv3 -mfloat-abi=hard -Wl,-build-id=none -specs=Xilinx.spec -Wl,-T -Wl,../src/lscript.ld -LC:/LEDMATRIX_PROJECT/design_1_wrapper/export/design_1_wrapper/sw/design_1_wrapper/standalone_domain/bsplib/lib -o "LEDMATRIX_VITIS.elf"  ./src/helloworld.o ./src/platform.o   -Wl,--start-group,-lxil,-lgcc,-lc,--end-group
'Finished building target: LEDMATRIX_VITIS.elf'
' '
'Invoking: ARM v7 Print Size'
arm-none-eabi-size LEDMATRIX_VITIS.elf  |tee "LEDMATRIX_VITIS.elf.size"
   text	   data	    bss	    dec	    hex	filename
  19028	   1144	  22568	  42740	   a6f4	LEDMATRIX_VITIS.elf
'Finished building: LEDMATRIX_VITIS.elf.size'
' '
20:39:42 **** Incremental Build of configuration Debug for project LEDMATRIX_VITIS ****
make all 
make --no-print-directory pre-build
a9-linaro-pre-build-step
' '
make --no-print-directory main-build
'Building file: ../src/helloworld.c'
'Invoking: ARM v7 gcc compiler'
arm-none-eabi-gcc -Wall -O0 -g3 -c -fmessage-length=0 -MT"src/helloworld.o" -mcpu=cortex-a9 -mfpu=vfpv3 -mfloat-abi=hard -IC:/LEDMATRIX_PROJECT/design_1_wrapper/export/design_1_wrapper/sw/design_1_wrapper/standalone_domain/bspinclude/include -MMD -MP -MF"src/helloworld.d" -MT"src/helloworld.o" -o "src/helloworld.o" "../src/helloworld.c"
'Finished building: ../src/helloworld.c'
' '
'Building target: LEDMATRIX_VITIS.elf'
'Invoking: ARM v7 gcc linker'
arm-none-eabi-gcc -mcpu=cortex-a9 -mfpu=vfpv3 -mfloat-abi=hard -Wl,-build-id=none -specs=Xilinx.spec -Wl,-T -Wl,../src/lscript.ld -LC:/LEDMATRIX_PROJECT/design_1_wrapper/export/design_1_wrapper/sw/design_1_wrapper/standalone_domain/bsplib/lib -o "LEDMATRIX_VITIS.elf"  ./src/helloworld.o ./src/platform.o   -Wl,--start-group,-lxil,-lgcc,-lc,--end-group
'Finished building target: LEDMATRIX_VITIS.elf'
' '
'Invoking: ARM v7 Print Size'
arm-none-eabi-size LEDMATRIX_VITIS.elf  |tee "LEDMATRIX_VITIS.elf.size"
   text	   data	    bss	    dec	    hex	filename
  19028	   1144	  22568	  42740	   a6f4	LEDMATRIX_VITIS.elf
'Finished building: LEDMATRIX_VITIS.elf.size'
' '
20:40:23 **** Incremental Build of configuration Debug for project LEDMATRIX_VITIS ****
make all 
make --no-print-directory pre-build
a9-linaro-pre-build-step
' '
make --no-print-directory main-build
'Building file: ../src/helloworld.c'
'Invoking: ARM v7 gcc compiler'
arm-none-eabi-gcc -Wall -O0 -g3 -c -fmessage-length=0 -MT"src/helloworld.o" -mcpu=cortex-a9 -mfpu=vfpv3 -mfloat-abi=hard -IC:/LEDMATRIX_PROJECT/design_1_wrapper/export/design_1_wrapper/sw/design_1_wrapper/standalone_domain/bspinclude/include -MMD -MP -MF"src/helloworld.d" -MT"src/helloworld.o" -o "src/helloworld.o" "../src/helloworld.c"
'Finished building: ../src/helloworld.c'
' '
'Building target: LEDMATRIX_VITIS.elf'
'Invoking: ARM v7 gcc linker'
arm-none-eabi-gcc -mcpu=cortex-a9 -mfpu=vfpv3 -mfloat-abi=hard -Wl,-build-id=none -specs=Xilinx.spec -Wl,-T -Wl,../src/lscript.ld -LC:/LEDMATRIX_PROJECT/design_1_wrapper/export/design_1_wrapper/sw/design_1_wrapper/standalone_domain/bsplib/lib -o "LEDMATRIX_VITIS.elf"  ./src/helloworld.o ./src/platform.o   -Wl,--start-group,-lxil,-lgcc,-lc,--end-group
'Finished building target: LEDMATRIX_VITIS.elf'
' '
'Invoking: ARM v7 Print Size'
arm-none-eabi-size LEDMATRIX_VITIS.elf  |tee "LEDMATRIX_VITIS.elf.size"
   text	   data	    bss	    dec	    hex	filename
  19028	   1144	  22568	  42740	   a6f4	LEDMATRIX_VITIS.elf
'Finished building: LEDMATRIX_VITIS.elf.size'
' '
20:40:58 **** Incremental Build of configuration Debug for project LEDMATRIX_VITIS ****
make all 
make --no-print-directory pre-build
a9-linaro-pre-build-step
' '
make --no-print-directory main-build
'Building file: ../src/helloworld.c'
'Invoking: ARM v7 gcc compiler'
arm-none-eabi-gcc -Wall -O0 -g3 -c -fmessage-length=0 -MT"src/helloworld.o" -mcpu=cortex-a9 -mfpu=vfpv3 -mfloat-abi=hard -IC:/LEDMATRIX_PROJECT/design_1_wrapper/export/design_1_wrapper/sw/design_1_wrapper/standalone_domain/bspinclude/include -MMD -MP -MF"src/helloworld.d" -MT"src/helloworld.o" -o "src/helloworld.o" "../src/helloworld.c"
'Finished building: ../src/helloworld.c'
' '
'Building target: LEDMATRIX_VITIS.elf'
'Invoking: ARM v7 gcc linker'
arm-none-eabi-gcc -mcpu=cortex-a9 -mfpu=vfpv3 -mfloat-abi=hard -Wl,-build-id=none -specs=Xilinx.spec -Wl,-T -Wl,../src/lscript.ld -LC:/LEDMATRIX_PROJECT/design_1_wrapper/export/design_1_wrapper/sw/design_1_wrapper/standalone_domain/bsplib/lib -o "LEDMATRIX_VITIS.elf"  ./src/helloworld.o ./src/platform.o   -Wl,--start-group,-lxil,-lgcc,-lc,--end-group
'Finished building target: LEDMATRIX_VITIS.elf'
' '
'Invoking: ARM v7 Print Size'
arm-none-eabi-size LEDMATRIX_VITIS.elf  |tee "LEDMATRIX_VITIS.elf.size"
   text	   data	    bss	    dec	    hex	filename
  19028	   1144	  22568	  42740	   a6f4	LEDMATRIX_VITIS.elf
'Finished building: LEDMATRIX_VITIS.elf.size'
' '
20:41:31 **** Incremental Build of configuration Debug for project LEDMATRIX_VITIS ****
make all 
make --no-print-directory pre-build
a9-linaro-pre-build-step
' '
make --no-print-directory main-build
'Building file: ../src/helloworld.c'
'Invoking: ARM v7 gcc compiler'
arm-none-eabi-gcc -Wall -O0 -g3 -c -fmessage-length=0 -MT"src/helloworld.o" -mcpu=cortex-a9 -mfpu=vfpv3 -mfloat-abi=hard -IC:/LEDMATRIX_PROJECT/design_1_wrapper/export/design_1_wrapper/sw/design_1_wrapper/standalone_domain/bspinclude/include -MMD -MP -MF"src/helloworld.d" -MT"src/helloworld.o" -o "src/helloworld.o" "../src/helloworld.c"
'Finished building: ../src/helloworld.c'
' '
'Building target: LEDMATRIX_VITIS.elf'
'Invoking: ARM v7 gcc linker'
arm-none-eabi-gcc -mcpu=cortex-a9 -mfpu=vfpv3 -mfloat-abi=hard -Wl,-build-id=none -specs=Xilinx.spec -Wl,-T -Wl,../src/lscript.ld -LC:/LEDMATRIX_PROJECT/design_1_wrapper/export/design_1_wrapper/sw/design_1_wrapper/standalone_domain/bsplib/lib -o "LEDMATRIX_VITIS.elf"  ./src/helloworld.o ./src/platform.o   -Wl,--start-group,-lxil,-lgcc,-lc,--end-group
'Finished building target: LEDMATRIX_VITIS.elf'
' '
'Invoking: ARM v7 Print Size'
arm-none-eabi-size LEDMATRIX_VITIS.elf  |tee "LEDMATRIX_VITIS.elf.size"
   text	   data	    bss	    dec	    hex	filename
  19028	   1144	  22568	  42740	   a6f4	LEDMATRIX_VITIS.elf
'Finished building: LEDMATRIX_VITIS.elf.size'
' '
20:42:00 **** Incremental Build of configuration Debug for project LEDMATRIX_VITIS ****
make all 
make --no-print-directory pre-build
a9-linaro-pre-build-step
' '
make --no-print-directory main-build
'Building file: ../src/helloworld.c'
'Invoking: ARM v7 gcc compiler'
arm-none-eabi-gcc -Wall -O0 -g3 -c -fmessage-length=0 -MT"src/helloworld.o" -mcpu=cortex-a9 -mfpu=vfpv3 -mfloat-abi=hard -IC:/LEDMATRIX_PROJECT/design_1_wrapper/export/design_1_wrapper/sw/design_1_wrapper/standalone_domain/bspinclude/include -MMD -MP -MF"src/helloworld.d" -MT"src/helloworld.o" -o "src/helloworld.o" "../src/helloworld.c"
'Finished building: ../src/helloworld.c'
' '
'Building target: LEDMATRIX_VITIS.elf'
'Invoking: ARM v7 gcc linker'
arm-none-eabi-gcc -mcpu=cortex-a9 -mfpu=vfpv3 -mfloat-abi=hard -Wl,-build-id=none -specs=Xilinx.spec -Wl,-T -Wl,../src/lscript.ld -LC:/LEDMATRIX_PROJECT/design_1_wrapper/export/design_1_wrapper/sw/design_1_wrapper/standalone_domain/bsplib/lib -o "LEDMATRIX_VITIS.elf"  ./src/helloworld.o ./src/platform.o   -Wl,--start-group,-lxil,-lgcc,-lc,--end-group
'Finished building target: LEDMATRIX_VITIS.elf'
' '
'Invoking: ARM v7 Print Size'
arm-none-eabi-size LEDMATRIX_VITIS.elf  |tee "LEDMATRIX_VITIS.elf.size"
   text	   data	    bss	    dec	    hex	filename
  19028	   1144	  22568	  42740	   a6f4	LEDMATRIX_VITIS.elf
'Finished building: LEDMATRIX_VITIS.elf.size'
' '
20:42:07 **** Incremental Build of configuration Debug for project LEDMATRIX_VITIS ****
make all 
make --no-print-directory pre-build
a9-linaro-pre-build-step
' '
make --no-print-directory main-build
make[1]: Nothing to be done for 'main-build'.
20:42:40 **** Incremental Build of configuration Debug for project LEDMATRIX_VITIS ****
make all 
make --no-print-directory pre-build
a9-linaro-pre-build-step
' '
make --no-print-directory main-build
'Building file: ../src/helloworld.c'
'Invoking: ARM v7 gcc compiler'
arm-none-eabi-gcc -Wall -O0 -g3 -c -fmessage-length=0 -MT"src/helloworld.o" -mcpu=cortex-a9 -mfpu=vfpv3 -mfloat-abi=hard -IC:/LEDMATRIX_PROJECT/design_1_wrapper/export/design_1_wrapper/sw/design_1_wrapper/standalone_domain/bspinclude/include -MMD -MP -MF"src/helloworld.d" -MT"src/helloworld.o" -o "src/helloworld.o" "../src/helloworld.c"
'Finished building: ../src/helloworld.c'
' '
'Building target: LEDMATRIX_VITIS.elf'
'Invoking: ARM v7 gcc linker'
arm-none-eabi-gcc -mcpu=cortex-a9 -mfpu=vfpv3 -mfloat-abi=hard -Wl,-build-id=none -specs=Xilinx.spec -Wl,-T -Wl,../src/lscript.ld -LC:/LEDMATRIX_PROJECT/design_1_wrapper/export/design_1_wrapper/sw/design_1_wrapper/standalone_domain/bsplib/lib -o "LEDMATRIX_VITIS.elf"  ./src/helloworld.o ./src/platform.o   -Wl,--start-group,-lxil,-lgcc,-lc,--end-group
'Finished building target: LEDMATRIX_VITIS.elf'
' '
'Invoking: ARM v7 Print Size'
arm-none-eabi-size LEDMATRIX_VITIS.elf  |tee "LEDMATRIX_VITIS.elf.size"
   text	   data	    bss	    dec	    hex	filename
  19028	   1144	  22568	  42740	   a6f4	LEDMATRIX_VITIS.elf
'Finished building: LEDMATRIX_VITIS.elf.size'
' '
20:44:11 **** Incremental Build of configuration Debug for project LEDMATRIX_VITIS ****
make all 
make --no-print-directory pre-build
a9-linaro-pre-build-step
' '
make --no-print-directory main-build
'Building file: ../src/helloworld.c'
'Invoking: ARM v7 gcc compiler'
arm-none-eabi-gcc -Wall -O0 -g3 -c -fmessage-length=0 -MT"src/helloworld.o" -mcpu=cortex-a9 -mfpu=vfpv3 -mfloat-abi=hard -IC:/LEDMATRIX_PROJECT/design_1_wrapper/export/design_1_wrapper/sw/design_1_wrapper/standalone_domain/bspinclude/include -MMD -MP -MF"src/helloworld.d" -MT"src/helloworld.o" -o "src/helloworld.o" "../src/helloworld.c"
'Finished building: ../src/helloworld.c'
' '
'Building target: LEDMATRIX_VITIS.elf'
'Invoking: ARM v7 gcc linker'
arm-none-eabi-gcc -mcpu=cortex-a9 -mfpu=vfpv3 -mfloat-abi=hard -Wl,-build-id=none -specs=Xilinx.spec -Wl,-T -Wl,../src/lscript.ld -LC:/LEDMATRIX_PROJECT/design_1_wrapper/export/design_1_wrapper/sw/design_1_wrapper/standalone_domain/bsplib/lib -o "LEDMATRIX_VITIS.elf"  ./src/helloworld.o ./src/platform.o   -Wl,--start-group,-lxil,-lgcc,-lc,--end-group
'Finished building target: LEDMATRIX_VITIS.elf'
' '
'Invoking: ARM v7 Print Size'
arm-none-eabi-size LEDMATRIX_VITIS.elf  |tee "LEDMATRIX_VITIS.elf.size"
   text	   data	    bss	    dec	    hex	filename
  19028	   1144	  22568	  42740	   a6f4	LEDMATRIX_VITIS.elf
'Finished building: LEDMATRIX_VITIS.elf.size'
' '
20:45:50 **** Incremental Build of configuration Debug for project LEDMATRIX_VITIS ****
make all 
make --no-print-directory pre-build
a9-linaro-pre-build-step
' '
make --no-print-directory main-build
'Building file: ../src/helloworld.c'
'Invoking: ARM v7 gcc compiler'
arm-none-eabi-gcc -Wall -O0 -g3 -c -fmessage-length=0 -MT"src/helloworld.o" -mcpu=cortex-a9 -mfpu=vfpv3 -mfloat-abi=hard -IC:/LEDMATRIX_PROJECT/design_1_wrapper/export/design_1_wrapper/sw/design_1_wrapper/standalone_domain/bspinclude/include -MMD -MP -MF"src/helloworld.d" -MT"src/helloworld.o" -o "src/helloworld.o" "../src/helloworld.c"
'Finished building: ../src/helloworld.c'
' '
'Building target: LEDMATRIX_VITIS.elf'
'Invoking: ARM v7 gcc linker'
arm-none-eabi-gcc -mcpu=cortex-a9 -mfpu=vfpv3 -mfloat-abi=hard -Wl,-build-id=none -specs=Xilinx.spec -Wl,-T -Wl,../src/lscript.ld -LC:/LEDMATRIX_PROJECT/design_1_wrapper/export/design_1_wrapper/sw/design_1_wrapper/standalone_domain/bsplib/lib -o "LEDMATRIX_VITIS.elf"  ./src/helloworld.o ./src/platform.o   -Wl,--start-group,-lxil,-lgcc,-lc,--end-group
'Finished building target: LEDMATRIX_VITIS.elf'
' '
'Invoking: ARM v7 Print Size'
arm-none-eabi-size LEDMATRIX_VITIS.elf  |tee "LEDMATRIX_VITIS.elf.size"
   text	   data	    bss	    dec	    hex	filename
  19028	   1144	  22568	  42740	   a6f4	LEDMATRIX_VITIS.elf
'Finished building: LEDMATRIX_VITIS.elf.size'
' '
20:46:32 **** Incremental Build of configuration Debug for project LEDMATRIX_VITIS ****
make all 
make --no-print-directory pre-build
a9-linaro-pre-build-step
' '
make --no-print-directory main-build
'Building file: ../src/helloworld.c'
'Invoking: ARM v7 gcc compiler'
arm-none-eabi-gcc -Wall -O0 -g3 -c -fmessage-length=0 -MT"src/helloworld.o" -mcpu=cortex-a9 -mfpu=vfpv3 -mfloat-abi=hard -IC:/LEDMATRIX_PROJECT/design_1_wrapper/export/design_1_wrapper/sw/design_1_wrapper/standalone_domain/bspinclude/include -MMD -MP -MF"src/helloworld.d" -MT"src/helloworld.o" -o "src/helloworld.o" "../src/helloworld.c"
'Finished building: ../src/helloworld.c'
' '
'Building target: LEDMATRIX_VITIS.elf'
'Invoking: ARM v7 gcc linker'
arm-none-eabi-gcc -mcpu=cortex-a9 -mfpu=vfpv3 -mfloat-abi=hard -Wl,-build-id=none -specs=Xilinx.spec -Wl,-T -Wl,../src/lscript.ld -LC:/LEDMATRIX_PROJECT/design_1_wrapper/export/design_1_wrapper/sw/design_1_wrapper/standalone_domain/bsplib/lib -o "LEDMATRIX_VITIS.elf"  ./src/helloworld.o ./src/platform.o   -Wl,--start-group,-lxil,-lgcc,-lc,--end-group
'Finished building target: LEDMATRIX_VITIS.elf'
' '
'Invoking: ARM v7 Print Size'
arm-none-eabi-size LEDMATRIX_VITIS.elf  |tee "LEDMATRIX_VITIS.elf.size"
   text	   data	    bss	    dec	    hex	filename
  19116	   1144	  22568	  42828	   a74c	LEDMATRIX_VITIS.elf
'Finished building: LEDMATRIX_VITIS.elf.size'
' '
20:47:08 **** Incremental Build of configuration Debug for project LEDMATRIX_VITIS ****
make all 
make --no-print-directory pre-build
a9-linaro-pre-build-step
' '
make --no-print-directory main-build
'Building file: ../src/helloworld.c'
'Invoking: ARM v7 gcc compiler'
arm-none-eabi-gcc -Wall -O0 -g3 -c -fmessage-length=0 -MT"src/helloworld.o" -mcpu=cortex-a9 -mfpu=vfpv3 -mfloat-abi=hard -IC:/LEDMATRIX_PROJECT/design_1_wrapper/export/design_1_wrapper/sw/design_1_wrapper/standalone_domain/bspinclude/include -MMD -MP -MF"src/helloworld.d" -MT"src/helloworld.o" -o "src/helloworld.o" "../src/helloworld.c"
'Finished building: ../src/helloworld.c'
' '
'Building target: LEDMATRIX_VITIS.elf'
'Invoking: ARM v7 gcc linker'
arm-none-eabi-gcc -mcpu=cortex-a9 -mfpu=vfpv3 -mfloat-abi=hard -Wl,-build-id=none -specs=Xilinx.spec -Wl,-T -Wl,../src/lscript.ld -LC:/LEDMATRIX_PROJECT/design_1_wrapper/export/design_1_wrapper/sw/design_1_wrapper/standalone_domain/bsplib/lib -o "LEDMATRIX_VITIS.elf"  ./src/helloworld.o ./src/platform.o   -Wl,--start-group,-lxil,-lgcc,-lc,--end-group
'Finished building target: LEDMATRIX_VITIS.elf'
' '
'Invoking: ARM v7 Print Size'
arm-none-eabi-size LEDMATRIX_VITIS.elf  |tee "LEDMATRIX_VITIS.elf.size"
   text	   data	    bss	    dec	    hex	filename
  19028	   1144	  22568	  42740	   a6f4	LEDMATRIX_VITIS.elf
'Finished building: LEDMATRIX_VITIS.elf.size'
' '
07:26:19 **** Build of configuration Debug for project LEDMATRIX_VITIS ****
make all 
make --no-print-directory pre-build
a9-linaro-pre-build-step
' '
make --no-print-directory main-build
'Building file: ../src/helloworld.c'
'Invoking: ARM v7 gcc compiler'
arm-none-eabi-gcc -Wall -O0 -g3 -c -fmessage-length=0 -MT"src/helloworld.o" -mcpu=cortex-a9 -mfpu=vfpv3 -mfloat-abi=hard -IC:/LEDMATRIX_PROJECT/design_1_wrapper/export/design_1_wrapper/sw/design_1_wrapper/standalone_domain/bspinclude/include -MMD -MP -MF"src/helloworld.d" -MT"src/helloworld.o" -o "src/helloworld.o" "../src/helloworld.c"
'Finished building: ../src/helloworld.c'
' '
'Building target: LEDMATRIX_VITIS.elf'
'Invoking: ARM v7 gcc linker'
arm-none-eabi-gcc -mcpu=cortex-a9 -mfpu=vfpv3 -mfloat-abi=hard -Wl,-build-id=none -specs=Xilinx.spec -Wl,-T -Wl,../src/lscript.ld -LC:/LEDMATRIX_PROJECT/design_1_wrapper/export/design_1_wrapper/sw/design_1_wrapper/standalone_domain/bsplib/lib -o "LEDMATRIX_VITIS.elf"  ./src/helloworld.o ./src/platform.o   -Wl,--start-group,-lxil,-lgcc,-lc,--end-group
'Finished building target: LEDMATRIX_VITIS.elf'
' '
'Invoking: ARM v7 Print Size'
arm-none-eabi-size LEDMATRIX_VITIS.elf  |tee "LEDMATRIX_VITIS.elf.size"
   text	   data	    bss	    dec	    hex	filename
  19076	   1144	  22568	  42788	   a724	LEDMATRIX_VITIS.elf
'Finished building: LEDMATRIX_VITIS.elf.size'
' '
07:27:13 **** Incremental Build of configuration Debug for project LEDMATRIX_VITIS ****
make all 
make --no-print-directory pre-build
a9-linaro-pre-build-step
' '
make --no-print-directory main-build
'Building file: ../src/helloworld.c'
'Invoking: ARM v7 gcc compiler'
arm-none-eabi-gcc -Wall -O0 -g3 -c -fmessage-length=0 -MT"src/helloworld.o" -mcpu=cortex-a9 -mfpu=vfpv3 -mfloat-abi=hard -IC:/LEDMATRIX_PROJECT/design_1_wrapper/export/design_1_wrapper/sw/design_1_wrapper/standalone_domain/bspinclude/include -MMD -MP -MF"src/helloworld.d" -MT"src/helloworld.o" -o "src/helloworld.o" "../src/helloworld.c"
'Finished building: ../src/helloworld.c'
' '
'Building target: LEDMATRIX_VITIS.elf'
'Invoking: ARM v7 gcc linker'
arm-none-eabi-gcc -mcpu=cortex-a9 -mfpu=vfpv3 -mfloat-abi=hard -Wl,-build-id=none -specs=Xilinx.spec -Wl,-T -Wl,../src/lscript.ld -LC:/LEDMATRIX_PROJECT/design_1_wrapper/export/design_1_wrapper/sw/design_1_wrapper/standalone_domain/bsplib/lib -o "LEDMATRIX_VITIS.elf"  ./src/helloworld.o ./src/platform.o   -Wl,--start-group,-lxil,-lgcc,-lc,--end-group
'Finished building target: LEDMATRIX_VITIS.elf'
' '
'Invoking: ARM v7 Print Size'
arm-none-eabi-size LEDMATRIX_VITIS.elf  |tee "LEDMATRIX_VITIS.elf.size"
   text	   data	    bss	    dec	    hex	filename
  19100	   1144	  22568	  42812	   a73c	LEDMATRIX_VITIS.elf
'Finished building: LEDMATRIX_VITIS.elf.size'
' '
07:27:59 **** Incremental Build of configuration Debug for project LEDMATRIX_VITIS ****
make all 
make --no-print-directory pre-build
a9-linaro-pre-build-step
' '
make --no-print-directory main-build
'Building file: ../src/helloworld.c'
'Invoking: ARM v7 gcc compiler'
arm-none-eabi-gcc -Wall -O0 -g3 -c -fmessage-length=0 -MT"src/helloworld.o" -mcpu=cortex-a9 -mfpu=vfpv3 -mfloat-abi=hard -IC:/LEDMATRIX_PROJECT/design_1_wrapper/export/design_1_wrapper/sw/design_1_wrapper/standalone_domain/bspinclude/include -MMD -MP -MF"src/helloworld.d" -MT"src/helloworld.o" -o "src/helloworld.o" "../src/helloworld.c"
'Finished building: ../src/helloworld.c'
' '
'Building target: LEDMATRIX_VITIS.elf'
'Invoking: ARM v7 gcc linker'
arm-none-eabi-gcc -mcpu=cortex-a9 -mfpu=vfpv3 -mfloat-abi=hard -Wl,-build-id=none -specs=Xilinx.spec -Wl,-T -Wl,../src/lscript.ld -LC:/LEDMATRIX_PROJECT/design_1_wrapper/export/design_1_wrapper/sw/design_1_wrapper/standalone_domain/bsplib/lib -o "LEDMATRIX_VITIS.elf"  ./src/helloworld.o ./src/platform.o   -Wl,--start-group,-lxil,-lgcc,-lc,--end-group
'Finished building target: LEDMATRIX_VITIS.elf'
' '
'Invoking: ARM v7 Print Size'
arm-none-eabi-size LEDMATRIX_VITIS.elf  |tee "LEDMATRIX_VITIS.elf.size"
   text	   data	    bss	    dec	    hex	filename
  19100	   1144	  22568	  42812	   a73c	LEDMATRIX_VITIS.elf
'Finished building: LEDMATRIX_VITIS.elf.size'
' '
07:28:41 **** Incremental Build of configuration Debug for project LEDMATRIX_VITIS ****
make all 
make --no-print-directory pre-build
a9-linaro-pre-build-step
' '
make --no-print-directory main-build
'Building file: ../src/helloworld.c'
'Invoking: ARM v7 gcc compiler'
arm-none-eabi-gcc -Wall -O0 -g3 -c -fmessage-length=0 -MT"src/helloworld.o" -mcpu=cortex-a9 -mfpu=vfpv3 -mfloat-abi=hard -IC:/LEDMATRIX_PROJECT/design_1_wrapper/export/design_1_wrapper/sw/design_1_wrapper/standalone_domain/bspinclude/include -MMD -MP -MF"src/helloworld.d" -MT"src/helloworld.o" -o "src/helloworld.o" "../src/helloworld.c"
'Finished building: ../src/helloworld.c'
' '
'Building target: LEDMATRIX_VITIS.elf'
'Invoking: ARM v7 gcc linker'
arm-none-eabi-gcc -mcpu=cortex-a9 -mfpu=vfpv3 -mfloat-abi=hard -Wl,-build-id=none -specs=Xilinx.spec -Wl,-T -Wl,../src/lscript.ld -LC:/LEDMATRIX_PROJECT/design_1_wrapper/export/design_1_wrapper/sw/design_1_wrapper/standalone_domain/bsplib/lib -o "LEDMATRIX_VITIS.elf"  ./src/helloworld.o ./src/platform.o   -Wl,--start-group,-lxil,-lgcc,-lc,--end-group
'Finished building target: LEDMATRIX_VITIS.elf'
' '
'Invoking: ARM v7 Print Size'
arm-none-eabi-size LEDMATRIX_VITIS.elf  |tee "LEDMATRIX_VITIS.elf.size"
   text	   data	    bss	    dec	    hex	filename
  19100	   1144	  22568	  42812	   a73c	LEDMATRIX_VITIS.elf
'Finished building: LEDMATRIX_VITIS.elf.size'
' '
07:29:30 **** Incremental Build of configuration Debug for project LEDMATRIX_VITIS ****
make all 
make --no-print-directory pre-build
a9-linaro-pre-build-step
' '
make --no-print-directory main-build
'Building file: ../src/helloworld.c'
'Invoking: ARM v7 gcc compiler'
arm-none-eabi-gcc -Wall -O0 -g3 -c -fmessage-length=0 -MT"src/helloworld.o" -mcpu=cortex-a9 -mfpu=vfpv3 -mfloat-abi=hard -IC:/LEDMATRIX_PROJECT/design_1_wrapper/export/design_1_wrapper/sw/design_1_wrapper/standalone_domain/bspinclude/include -MMD -MP -MF"src/helloworld.d" -MT"src/helloworld.o" -o "src/helloworld.o" "../src/helloworld.c"
'Finished building: ../src/helloworld.c'
' '
'Building target: LEDMATRIX_VITIS.elf'
'Invoking: ARM v7 gcc linker'
arm-none-eabi-gcc -mcpu=cortex-a9 -mfpu=vfpv3 -mfloat-abi=hard -Wl,-build-id=none -specs=Xilinx.spec -Wl,-T -Wl,../src/lscript.ld -LC:/LEDMATRIX_PROJECT/design_1_wrapper/export/design_1_wrapper/sw/design_1_wrapper/standalone_domain/bsplib/lib -o "LEDMATRIX_VITIS.elf"  ./src/helloworld.o ./src/platform.o   -Wl,--start-group,-lxil,-lgcc,-lc,--end-group
'Finished building target: LEDMATRIX_VITIS.elf'
' '
'Invoking: ARM v7 Print Size'
arm-none-eabi-size LEDMATRIX_VITIS.elf  |tee "LEDMATRIX_VITIS.elf.size"
   text	   data	    bss	    dec	    hex	filename
  19100	   1144	  22568	  42812	   a73c	LEDMATRIX_VITIS.elf
'Finished building: LEDMATRIX_VITIS.elf.size'
' '
07:30:02 **** Incremental Build of configuration Debug for project LEDMATRIX_VITIS ****
make all 
make --no-print-directory pre-build
a9-linaro-pre-build-step
' '
make --no-print-directory main-build
'Building file: ../src/helloworld.c'
'Invoking: ARM v7 gcc compiler'
arm-none-eabi-gcc -Wall -O0 -g3 -c -fmessage-length=0 -MT"src/helloworld.o" -mcpu=cortex-a9 -mfpu=vfpv3 -mfloat-abi=hard -IC:/LEDMATRIX_PROJECT/design_1_wrapper/export/design_1_wrapper/sw/design_1_wrapper/standalone_domain/bspinclude/include -MMD -MP -MF"src/helloworld.d" -MT"src/helloworld.o" -o "src/helloworld.o" "../src/helloworld.c"
'Finished building: ../src/helloworld.c'
' '
'Building target: LEDMATRIX_VITIS.elf'
'Invoking: ARM v7 gcc linker'
arm-none-eabi-gcc -mcpu=cortex-a9 -mfpu=vfpv3 -mfloat-abi=hard -Wl,-build-id=none -specs=Xilinx.spec -Wl,-T -Wl,../src/lscript.ld -LC:/LEDMATRIX_PROJECT/design_1_wrapper/export/design_1_wrapper/sw/design_1_wrapper/standalone_domain/bsplib/lib -o "LEDMATRIX_VITIS.elf"  ./src/helloworld.o ./src/platform.o   -Wl,--start-group,-lxil,-lgcc,-lc,--end-group
'Finished building target: LEDMATRIX_VITIS.elf'
' '
'Invoking: ARM v7 Print Size'
arm-none-eabi-size LEDMATRIX_VITIS.elf  |tee "LEDMATRIX_VITIS.elf.size"
   text	   data	    bss	    dec	    hex	filename
  19100	   1144	  22568	  42812	   a73c	LEDMATRIX_VITIS.elf
'Finished building: LEDMATRIX_VITIS.elf.size'
' '
07:30:39 **** Incremental Build of configuration Debug for project LEDMATRIX_VITIS ****
make all 
make --no-print-directory pre-build
a9-linaro-pre-build-step
' '
make --no-print-directory main-build
'Building file: ../src/helloworld.c'
'Invoking: ARM v7 gcc compiler'
arm-none-eabi-gcc -Wall -O0 -g3 -c -fmessage-length=0 -MT"src/helloworld.o" -mcpu=cortex-a9 -mfpu=vfpv3 -mfloat-abi=hard -IC:/LEDMATRIX_PROJECT/design_1_wrapper/export/design_1_wrapper/sw/design_1_wrapper/standalone_domain/bspinclude/include -MMD -MP -MF"src/helloworld.d" -MT"src/helloworld.o" -o "src/helloworld.o" "../src/helloworld.c"
'Finished building: ../src/helloworld.c'
' '
'Building target: LEDMATRIX_VITIS.elf'
'Invoking: ARM v7 gcc linker'
arm-none-eabi-gcc -mcpu=cortex-a9 -mfpu=vfpv3 -mfloat-abi=hard -Wl,-build-id=none -specs=Xilinx.spec -Wl,-T -Wl,../src/lscript.ld -LC:/LEDMATRIX_PROJECT/design_1_wrapper/export/design_1_wrapper/sw/design_1_wrapper/standalone_domain/bsplib/lib -o "LEDMATRIX_VITIS.elf"  ./src/helloworld.o ./src/platform.o   -Wl,--start-group,-lxil,-lgcc,-lc,--end-group
'Finished building target: LEDMATRIX_VITIS.elf'
' '
'Invoking: ARM v7 Print Size'
arm-none-eabi-size LEDMATRIX_VITIS.elf  |tee "LEDMATRIX_VITIS.elf.size"
   text	   data	    bss	    dec	    hex	filename
  19100	   1144	  22568	  42812	   a73c	LEDMATRIX_VITIS.elf
'Finished building: LEDMATRIX_VITIS.elf.size'
' '
07:31:28 **** Incremental Build of configuration Debug for project LEDMATRIX_VITIS ****
make all 
make --no-print-directory pre-build
a9-linaro-pre-build-step
' '
make --no-print-directory main-build
'Building file: ../src/helloworld.c'
'Invoking: ARM v7 gcc compiler'
arm-none-eabi-gcc -Wall -O0 -g3 -c -fmessage-length=0 -MT"src/helloworld.o" -mcpu=cortex-a9 -mfpu=vfpv3 -mfloat-abi=hard -IC:/LEDMATRIX_PROJECT/design_1_wrapper/export/design_1_wrapper/sw/design_1_wrapper/standalone_domain/bspinclude/include -MMD -MP -MF"src/helloworld.d" -MT"src/helloworld.o" -o "src/helloworld.o" "../src/helloworld.c"
'Finished building: ../src/helloworld.c'
' '
'Building target: LEDMATRIX_VITIS.elf'
'Invoking: ARM v7 gcc linker'
arm-none-eabi-gcc -mcpu=cortex-a9 -mfpu=vfpv3 -mfloat-abi=hard -Wl,-build-id=none -specs=Xilinx.spec -Wl,-T -Wl,../src/lscript.ld -LC:/LEDMATRIX_PROJECT/design_1_wrapper/export/design_1_wrapper/sw/design_1_wrapper/standalone_domain/bsplib/lib -o "LEDMATRIX_VITIS.elf"  ./src/helloworld.o ./src/platform.o   -Wl,--start-group,-lxil,-lgcc,-lc,--end-group
'Finished building target: LEDMATRIX_VITIS.elf'
' '
'Invoking: ARM v7 Print Size'
arm-none-eabi-size LEDMATRIX_VITIS.elf  |tee "LEDMATRIX_VITIS.elf.size"
   text	   data	    bss	    dec	    hex	filename
  19100	   1144	  22568	  42812	   a73c	LEDMATRIX_VITIS.elf
'Finished building: LEDMATRIX_VITIS.elf.size'
' '
07:32:11 **** Incremental Build of configuration Debug for project LEDMATRIX_VITIS ****
make all 
make --no-print-directory pre-build
a9-linaro-pre-build-step
' '
make --no-print-directory main-build
'Building file: ../src/helloworld.c'
'Invoking: ARM v7 gcc compiler'
arm-none-eabi-gcc -Wall -O0 -g3 -c -fmessage-length=0 -MT"src/helloworld.o" -mcpu=cortex-a9 -mfpu=vfpv3 -mfloat-abi=hard -IC:/LEDMATRIX_PROJECT/design_1_wrapper/export/design_1_wrapper/sw/design_1_wrapper/standalone_domain/bspinclude/include -MMD -MP -MF"src/helloworld.d" -MT"src/helloworld.o" -o "src/helloworld.o" "../src/helloworld.c"
'Finished building: ../src/helloworld.c'
' '
'Building target: LEDMATRIX_VITIS.elf'
'Invoking: ARM v7 gcc linker'
arm-none-eabi-gcc -mcpu=cortex-a9 -mfpu=vfpv3 -mfloat-abi=hard -Wl,-build-id=none -specs=Xilinx.spec -Wl,-T -Wl,../src/lscript.ld -LC:/LEDMATRIX_PROJECT/design_1_wrapper/export/design_1_wrapper/sw/design_1_wrapper/standalone_domain/bsplib/lib -o "LEDMATRIX_VITIS.elf"  ./src/helloworld.o ./src/platform.o   -Wl,--start-group,-lxil,-lgcc,-lc,--end-group
'Finished building target: LEDMATRIX_VITIS.elf'
' '
'Invoking: ARM v7 Print Size'
arm-none-eabi-size LEDMATRIX_VITIS.elf  |tee "LEDMATRIX_VITIS.elf.size"
   text	   data	    bss	    dec	    hex	filename
  19100	   1144	  22568	  42812	   a73c	LEDMATRIX_VITIS.elf
'Finished building: LEDMATRIX_VITIS.elf.size'
' '
07:32:49 **** Incremental Build of configuration Debug for project LEDMATRIX_VITIS ****
make all 
make --no-print-directory pre-build
a9-linaro-pre-build-step
' '
make --no-print-directory main-build
'Building file: ../src/helloworld.c'
'Invoking: ARM v7 gcc compiler'
arm-none-eabi-gcc -Wall -O0 -g3 -c -fmessage-length=0 -MT"src/helloworld.o" -mcpu=cortex-a9 -mfpu=vfpv3 -mfloat-abi=hard -IC:/LEDMATRIX_PROJECT/design_1_wrapper/export/design_1_wrapper/sw/design_1_wrapper/standalone_domain/bspinclude/include -MMD -MP -MF"src/helloworld.d" -MT"src/helloworld.o" -o "src/helloworld.o" "../src/helloworld.c"
'Finished building: ../src/helloworld.c'
' '
'Building target: LEDMATRIX_VITIS.elf'
'Invoking: ARM v7 gcc linker'
arm-none-eabi-gcc -mcpu=cortex-a9 -mfpu=vfpv3 -mfloat-abi=hard -Wl,-build-id=none -specs=Xilinx.spec -Wl,-T -Wl,../src/lscript.ld -LC:/LEDMATRIX_PROJECT/design_1_wrapper/export/design_1_wrapper/sw/design_1_wrapper/standalone_domain/bsplib/lib -o "LEDMATRIX_VITIS.elf"  ./src/helloworld.o ./src/platform.o   -Wl,--start-group,-lxil,-lgcc,-lc,--end-group
'Finished building target: LEDMATRIX_VITIS.elf'
' '
'Invoking: ARM v7 Print Size'
arm-none-eabi-size LEDMATRIX_VITIS.elf  |tee "LEDMATRIX_VITIS.elf.size"
   text	   data	    bss	    dec	    hex	filename
  19100	   1144	  22568	  42812	   a73c	LEDMATRIX_VITIS.elf
'Finished building: LEDMATRIX_VITIS.elf.size'
' '
07:33:41 **** Incremental Build of configuration Debug for project LEDMATRIX_VITIS ****
make all 
make --no-print-directory pre-build
a9-linaro-pre-build-step
' '
make --no-print-directory main-build
'Building file: ../src/helloworld.c'
'Invoking: ARM v7 gcc compiler'
arm-none-eabi-gcc -Wall -O0 -g3 -c -fmessage-length=0 -MT"src/helloworld.o" -mcpu=cortex-a9 -mfpu=vfpv3 -mfloat-abi=hard -IC:/LEDMATRIX_PROJECT/design_1_wrapper/export/design_1_wrapper/sw/design_1_wrapper/standalone_domain/bspinclude/include -MMD -MP -MF"src/helloworld.d" -MT"src/helloworld.o" -o "src/helloworld.o" "../src/helloworld.c"
'Finished building: ../src/helloworld.c'
' '
'Building target: LEDMATRIX_VITIS.elf'
'Invoking: ARM v7 gcc linker'
arm-none-eabi-gcc -mcpu=cortex-a9 -mfpu=vfpv3 -mfloat-abi=hard -Wl,-build-id=none -specs=Xilinx.spec -Wl,-T -Wl,../src/lscript.ld -LC:/LEDMATRIX_PROJECT/design_1_wrapper/export/design_1_wrapper/sw/design_1_wrapper/standalone_domain/bsplib/lib -o "LEDMATRIX_VITIS.elf"  ./src/helloworld.o ./src/platform.o   -Wl,--start-group,-lxil,-lgcc,-lc,--end-group
'Finished building target: LEDMATRIX_VITIS.elf'
' '
'Invoking: ARM v7 Print Size'
arm-none-eabi-size LEDMATRIX_VITIS.elf  |tee "LEDMATRIX_VITIS.elf.size"
   text	   data	    bss	    dec	    hex	filename
  19100	   1144	  22568	  42812	   a73c	LEDMATRIX_VITIS.elf
'Finished building: LEDMATRIX_VITIS.elf.size'
' '
07:34:16 **** Incremental Build of configuration Debug for project LEDMATRIX_VITIS ****
make all 
make --no-print-directory pre-build
a9-linaro-pre-build-step
' '
make --no-print-directory main-build
'Building file: ../src/helloworld.c'
'Invoking: ARM v7 gcc compiler'
arm-none-eabi-gcc -Wall -O0 -g3 -c -fmessage-length=0 -MT"src/helloworld.o" -mcpu=cortex-a9 -mfpu=vfpv3 -mfloat-abi=hard -IC:/LEDMATRIX_PROJECT/design_1_wrapper/export/design_1_wrapper/sw/design_1_wrapper/standalone_domain/bspinclude/include -MMD -MP -MF"src/helloworld.d" -MT"src/helloworld.o" -o "src/helloworld.o" "../src/helloworld.c"
'Finished building: ../src/helloworld.c'
' '
'Building target: LEDMATRIX_VITIS.elf'
'Invoking: ARM v7 gcc linker'
arm-none-eabi-gcc -mcpu=cortex-a9 -mfpu=vfpv3 -mfloat-abi=hard -Wl,-build-id=none -specs=Xilinx.spec -Wl,-T -Wl,../src/lscript.ld -LC:/LEDMATRIX_PROJECT/design_1_wrapper/export/design_1_wrapper/sw/design_1_wrapper/standalone_domain/bsplib/lib -o "LEDMATRIX_VITIS.elf"  ./src/helloworld.o ./src/platform.o   -Wl,--start-group,-lxil,-lgcc,-lc,--end-group
'Finished building target: LEDMATRIX_VITIS.elf'
' '
'Invoking: ARM v7 Print Size'
arm-none-eabi-size LEDMATRIX_VITIS.elf  |tee "LEDMATRIX_VITIS.elf.size"
   text	   data	    bss	    dec	    hex	filename
  19100	   1144	  22568	  42812	   a73c	LEDMATRIX_VITIS.elf
'Finished building: LEDMATRIX_VITIS.elf.size'
' '
07:34:53 **** Incremental Build of configuration Debug for project LEDMATRIX_VITIS ****
make all 
make --no-print-directory pre-build
a9-linaro-pre-build-step
' '
make --no-print-directory main-build
'Building file: ../src/helloworld.c'
'Invoking: ARM v7 gcc compiler'
arm-none-eabi-gcc -Wall -O0 -g3 -c -fmessage-length=0 -MT"src/helloworld.o" -mcpu=cortex-a9 -mfpu=vfpv3 -mfloat-abi=hard -IC:/LEDMATRIX_PROJECT/design_1_wrapper/export/design_1_wrapper/sw/design_1_wrapper/standalone_domain/bspinclude/include -MMD -MP -MF"src/helloworld.d" -MT"src/helloworld.o" -o "src/helloworld.o" "../src/helloworld.c"
'Finished building: ../src/helloworld.c'
' '
'Building target: LEDMATRIX_VITIS.elf'
'Invoking: ARM v7 gcc linker'
arm-none-eabi-gcc -mcpu=cortex-a9 -mfpu=vfpv3 -mfloat-abi=hard -Wl,-build-id=none -specs=Xilinx.spec -Wl,-T -Wl,../src/lscript.ld -LC:/LEDMATRIX_PROJECT/design_1_wrapper/export/design_1_wrapper/sw/design_1_wrapper/standalone_domain/bsplib/lib -o "LEDMATRIX_VITIS.elf"  ./src/helloworld.o ./src/platform.o   -Wl,--start-group,-lxil,-lgcc,-lc,--end-group
'Finished building target: LEDMATRIX_VITIS.elf'
' '
'Invoking: ARM v7 Print Size'
arm-none-eabi-size LEDMATRIX_VITIS.elf  |tee "LEDMATRIX_VITIS.elf.size"
   text	   data	    bss	    dec	    hex	filename
  19100	   1144	  22568	  42812	   a73c	LEDMATRIX_VITIS.elf
'Finished building: LEDMATRIX_VITIS.elf.size'
' '
07:35:46 **** Incremental Build of configuration Debug for project LEDMATRIX_VITIS ****
make all 
make --no-print-directory pre-build
a9-linaro-pre-build-step
' '
make --no-print-directory main-build
'Building file: ../src/helloworld.c'
'Invoking: ARM v7 gcc compiler'
arm-none-eabi-gcc -Wall -O0 -g3 -c -fmessage-length=0 -MT"src/helloworld.o" -mcpu=cortex-a9 -mfpu=vfpv3 -mfloat-abi=hard -IC:/LEDMATRIX_PROJECT/design_1_wrapper/export/design_1_wrapper/sw/design_1_wrapper/standalone_domain/bspinclude/include -MMD -MP -MF"src/helloworld.d" -MT"src/helloworld.o" -o "src/helloworld.o" "../src/helloworld.c"
'Finished building: ../src/helloworld.c'
' '
'Building target: LEDMATRIX_VITIS.elf'
'Invoking: ARM v7 gcc linker'
arm-none-eabi-gcc -mcpu=cortex-a9 -mfpu=vfpv3 -mfloat-abi=hard -Wl,-build-id=none -specs=Xilinx.spec -Wl,-T -Wl,../src/lscript.ld -LC:/LEDMATRIX_PROJECT/design_1_wrapper/export/design_1_wrapper/sw/design_1_wrapper/standalone_domain/bsplib/lib -o "LEDMATRIX_VITIS.elf"  ./src/helloworld.o ./src/platform.o   -Wl,--start-group,-lxil,-lgcc,-lc,--end-group
'Finished building target: LEDMATRIX_VITIS.elf'
' '
'Invoking: ARM v7 Print Size'
arm-none-eabi-size LEDMATRIX_VITIS.elf  |tee "LEDMATRIX_VITIS.elf.size"
   text	   data	    bss	    dec	    hex	filename
  19100	   1144	  22568	  42812	   a73c	LEDMATRIX_VITIS.elf
'Finished building: LEDMATRIX_VITIS.elf.size'
' '
07:36:39 **** Incremental Build of configuration Debug for project LEDMATRIX_VITIS ****
make all 
make --no-print-directory pre-build
a9-linaro-pre-build-step
' '
make --no-print-directory main-build
'Building file: ../src/helloworld.c'
'Invoking: ARM v7 gcc compiler'
arm-none-eabi-gcc -Wall -O0 -g3 -c -fmessage-length=0 -MT"src/helloworld.o" -mcpu=cortex-a9 -mfpu=vfpv3 -mfloat-abi=hard -IC:/LEDMATRIX_PROJECT/design_1_wrapper/export/design_1_wrapper/sw/design_1_wrapper/standalone_domain/bspinclude/include -MMD -MP -MF"src/helloworld.d" -MT"src/helloworld.o" -o "src/helloworld.o" "../src/helloworld.c"
'Finished building: ../src/helloworld.c'
' '
'Building target: LEDMATRIX_VITIS.elf'
'Invoking: ARM v7 gcc linker'
arm-none-eabi-gcc -mcpu=cortex-a9 -mfpu=vfpv3 -mfloat-abi=hard -Wl,-build-id=none -specs=Xilinx.spec -Wl,-T -Wl,../src/lscript.ld -LC:/LEDMATRIX_PROJECT/design_1_wrapper/export/design_1_wrapper/sw/design_1_wrapper/standalone_domain/bsplib/lib -o "LEDMATRIX_VITIS.elf"  ./src/helloworld.o ./src/platform.o   -Wl,--start-group,-lxil,-lgcc,-lc,--end-group
'Finished building target: LEDMATRIX_VITIS.elf'
' '
'Invoking: ARM v7 Print Size'
arm-none-eabi-size LEDMATRIX_VITIS.elf  |tee "LEDMATRIX_VITIS.elf.size"
   text	   data	    bss	    dec	    hex	filename
  19100	   1144	  22568	  42812	   a73c	LEDMATRIX_VITIS.elf
'Finished building: LEDMATRIX_VITIS.elf.size'
' '
07:37:14 **** Incremental Build of configuration Debug for project LEDMATRIX_VITIS ****
make all 
make --no-print-directory pre-build
a9-linaro-pre-build-step
' '
make --no-print-directory main-build
'Building file: ../src/helloworld.c'
'Invoking: ARM v7 gcc compiler'
arm-none-eabi-gcc -Wall -O0 -g3 -c -fmessage-length=0 -MT"src/helloworld.o" -mcpu=cortex-a9 -mfpu=vfpv3 -mfloat-abi=hard -IC:/LEDMATRIX_PROJECT/design_1_wrapper/export/design_1_wrapper/sw/design_1_wrapper/standalone_domain/bspinclude/include -MMD -MP -MF"src/helloworld.d" -MT"src/helloworld.o" -o "src/helloworld.o" "../src/helloworld.c"
'Finished building: ../src/helloworld.c'
' '
'Building target: LEDMATRIX_VITIS.elf'
'Invoking: ARM v7 gcc linker'
arm-none-eabi-gcc -mcpu=cortex-a9 -mfpu=vfpv3 -mfloat-abi=hard -Wl,-build-id=none -specs=Xilinx.spec -Wl,-T -Wl,../src/lscript.ld -LC:/LEDMATRIX_PROJECT/design_1_wrapper/export/design_1_wrapper/sw/design_1_wrapper/standalone_domain/bsplib/lib -o "LEDMATRIX_VITIS.elf"  ./src/helloworld.o ./src/platform.o   -Wl,--start-group,-lxil,-lgcc,-lc,--end-group
'Finished building target: LEDMATRIX_VITIS.elf'
' '
'Invoking: ARM v7 Print Size'
arm-none-eabi-size LEDMATRIX_VITIS.elf  |tee "LEDMATRIX_VITIS.elf.size"
   text	   data	    bss	    dec	    hex	filename
  19100	   1144	  22568	  42812	   a73c	LEDMATRIX_VITIS.elf
'Finished building: LEDMATRIX_VITIS.elf.size'
' '
07:37:59 **** Incremental Build of configuration Debug for project LEDMATRIX_VITIS ****
make all 
make --no-print-directory pre-build
a9-linaro-pre-build-step
' '
make --no-print-directory main-build
'Building file: ../src/helloworld.c'
'Invoking: ARM v7 gcc compiler'
arm-none-eabi-gcc -Wall -O0 -g3 -c -fmessage-length=0 -MT"src/helloworld.o" -mcpu=cortex-a9 -mfpu=vfpv3 -mfloat-abi=hard -IC:/LEDMATRIX_PROJECT/design_1_wrapper/export/design_1_wrapper/sw/design_1_wrapper/standalone_domain/bspinclude/include -MMD -MP -MF"src/helloworld.d" -MT"src/helloworld.o" -o "src/helloworld.o" "../src/helloworld.c"
'Finished building: ../src/helloworld.c'
' '
'Building target: LEDMATRIX_VITIS.elf'
'Invoking: ARM v7 gcc linker'
arm-none-eabi-gcc -mcpu=cortex-a9 -mfpu=vfpv3 -mfloat-abi=hard -Wl,-build-id=none -specs=Xilinx.spec -Wl,-T -Wl,../src/lscript.ld -LC:/LEDMATRIX_PROJECT/design_1_wrapper/export/design_1_wrapper/sw/design_1_wrapper/standalone_domain/bsplib/lib -o "LEDMATRIX_VITIS.elf"  ./src/helloworld.o ./src/platform.o   -Wl,--start-group,-lxil,-lgcc,-lc,--end-group
'Finished building target: LEDMATRIX_VITIS.elf'
' '
'Invoking: ARM v7 Print Size'
arm-none-eabi-size LEDMATRIX_VITIS.elf  |tee "LEDMATRIX_VITIS.elf.size"
   text	   data	    bss	    dec	    hex	filename
  19100	   1144	  22568	  42812	   a73c	LEDMATRIX_VITIS.elf
'Finished building: LEDMATRIX_VITIS.elf.size'
' '
07:38:41 **** Incremental Build of configuration Debug for project LEDMATRIX_VITIS ****
make all 
make --no-print-directory pre-build
a9-linaro-pre-build-step
' '
make --no-print-directory main-build
'Building file: ../src/helloworld.c'
'Invoking: ARM v7 gcc compiler'
arm-none-eabi-gcc -Wall -O0 -g3 -c -fmessage-length=0 -MT"src/helloworld.o" -mcpu=cortex-a9 -mfpu=vfpv3 -mfloat-abi=hard -IC:/LEDMATRIX_PROJECT/design_1_wrapper/export/design_1_wrapper/sw/design_1_wrapper/standalone_domain/bspinclude/include -MMD -MP -MF"src/helloworld.d" -MT"src/helloworld.o" -o "src/helloworld.o" "../src/helloworld.c"
'Finished building: ../src/helloworld.c'
' '
'Building target: LEDMATRIX_VITIS.elf'
'Invoking: ARM v7 gcc linker'
arm-none-eabi-gcc -mcpu=cortex-a9 -mfpu=vfpv3 -mfloat-abi=hard -Wl,-build-id=none -specs=Xilinx.spec -Wl,-T -Wl,../src/lscript.ld -LC:/LEDMATRIX_PROJECT/design_1_wrapper/export/design_1_wrapper/sw/design_1_wrapper/standalone_domain/bsplib/lib -o "LEDMATRIX_VITIS.elf"  ./src/helloworld.o ./src/platform.o   -Wl,--start-group,-lxil,-lgcc,-lc,--end-group
'Finished building target: LEDMATRIX_VITIS.elf'
' '
'Invoking: ARM v7 Print Size'
arm-none-eabi-size LEDMATRIX_VITIS.elf  |tee "LEDMATRIX_VITIS.elf.size"
   text	   data	    bss	    dec	    hex	filename
  19100	   1144	  22568	  42812	   a73c	LEDMATRIX_VITIS.elf
'Finished building: LEDMATRIX_VITIS.elf.size'
' '
07:39:27 **** Incremental Build of configuration Debug for project LEDMATRIX_VITIS ****
make all 
make --no-print-directory pre-build
a9-linaro-pre-build-step
' '
make --no-print-directory main-build
'Building file: ../src/helloworld.c'
'Invoking: ARM v7 gcc compiler'
arm-none-eabi-gcc -Wall -O0 -g3 -c -fmessage-length=0 -MT"src/helloworld.o" -mcpu=cortex-a9 -mfpu=vfpv3 -mfloat-abi=hard -IC:/LEDMATRIX_PROJECT/design_1_wrapper/export/design_1_wrapper/sw/design_1_wrapper/standalone_domain/bspinclude/include -MMD -MP -MF"src/helloworld.d" -MT"src/helloworld.o" -o "src/helloworld.o" "../src/helloworld.c"
'Finished building: ../src/helloworld.c'
' '
'Building target: LEDMATRIX_VITIS.elf'
'Invoking: ARM v7 gcc linker'
arm-none-eabi-gcc -mcpu=cortex-a9 -mfpu=vfpv3 -mfloat-abi=hard -Wl,-build-id=none -specs=Xilinx.spec -Wl,-T -Wl,../src/lscript.ld -LC:/LEDMATRIX_PROJECT/design_1_wrapper/export/design_1_wrapper/sw/design_1_wrapper/standalone_domain/bsplib/lib -o "LEDMATRIX_VITIS.elf"  ./src/helloworld.o ./src/platform.o   -Wl,--start-group,-lxil,-lgcc,-lc,--end-group
'Finished building target: LEDMATRIX_VITIS.elf'
' '
'Invoking: ARM v7 Print Size'
arm-none-eabi-size LEDMATRIX_VITIS.elf  |tee "LEDMATRIX_VITIS.elf.size"
   text	   data	    bss	    dec	    hex	filename
  19100	   1144	  22568	  42812	   a73c	LEDMATRIX_VITIS.elf
'Finished building: LEDMATRIX_VITIS.elf.size'
' '
07:40:20 **** Incremental Build of configuration Debug for project LEDMATRIX_VITIS ****
make all 
make --no-print-directory pre-build
a9-linaro-pre-build-step
' '
make --no-print-directory main-build
'Building file: ../src/helloworld.c'
'Invoking: ARM v7 gcc compiler'
arm-none-eabi-gcc -Wall -O0 -g3 -c -fmessage-length=0 -MT"src/helloworld.o" -mcpu=cortex-a9 -mfpu=vfpv3 -mfloat-abi=hard -IC:/LEDMATRIX_PROJECT/design_1_wrapper/export/design_1_wrapper/sw/design_1_wrapper/standalone_domain/bspinclude/include -MMD -MP -MF"src/helloworld.d" -MT"src/helloworld.o" -o "src/helloworld.o" "../src/helloworld.c"
'Finished building: ../src/helloworld.c'
' '
'Building target: LEDMATRIX_VITIS.elf'
'Invoking: ARM v7 gcc linker'
arm-none-eabi-gcc -mcpu=cortex-a9 -mfpu=vfpv3 -mfloat-abi=hard -Wl,-build-id=none -specs=Xilinx.spec -Wl,-T -Wl,../src/lscript.ld -LC:/LEDMATRIX_PROJECT/design_1_wrapper/export/design_1_wrapper/sw/design_1_wrapper/standalone_domain/bsplib/lib -o "LEDMATRIX_VITIS.elf"  ./src/helloworld.o ./src/platform.o   -Wl,--start-group,-lxil,-lgcc,-lc,--end-group
'Finished building target: LEDMATRIX_VITIS.elf'
' '
'Invoking: ARM v7 Print Size'
arm-none-eabi-size LEDMATRIX_VITIS.elf  |tee "LEDMATRIX_VITIS.elf.size"
   text	   data	    bss	    dec	    hex	filename
  19100	   1144	  22568	  42812	   a73c	LEDMATRIX_VITIS.elf
'Finished building: LEDMATRIX_VITIS.elf.size'
' '
07:40:57 **** Incremental Build of configuration Debug for project LEDMATRIX_VITIS ****
make all 
make --no-print-directory pre-build
a9-linaro-pre-build-step
' '
make --no-print-directory main-build
'Building file: ../src/helloworld.c'
'Invoking: ARM v7 gcc compiler'
arm-none-eabi-gcc -Wall -O0 -g3 -c -fmessage-length=0 -MT"src/helloworld.o" -mcpu=cortex-a9 -mfpu=vfpv3 -mfloat-abi=hard -IC:/LEDMATRIX_PROJECT/design_1_wrapper/export/design_1_wrapper/sw/design_1_wrapper/standalone_domain/bspinclude/include -MMD -MP -MF"src/helloworld.d" -MT"src/helloworld.o" -o "src/helloworld.o" "../src/helloworld.c"
'Finished building: ../src/helloworld.c'
' '
'Building target: LEDMATRIX_VITIS.elf'
'Invoking: ARM v7 gcc linker'
arm-none-eabi-gcc -mcpu=cortex-a9 -mfpu=vfpv3 -mfloat-abi=hard -Wl,-build-id=none -specs=Xilinx.spec -Wl,-T -Wl,../src/lscript.ld -LC:/LEDMATRIX_PROJECT/design_1_wrapper/export/design_1_wrapper/sw/design_1_wrapper/standalone_domain/bsplib/lib -o "LEDMATRIX_VITIS.elf"  ./src/helloworld.o ./src/platform.o   -Wl,--start-group,-lxil,-lgcc,-lc,--end-group
'Finished building target: LEDMATRIX_VITIS.elf'
' '
'Invoking: ARM v7 Print Size'
arm-none-eabi-size LEDMATRIX_VITIS.elf  |tee "LEDMATRIX_VITIS.elf.size"
   text	   data	    bss	    dec	    hex	filename
  19100	   1144	  22568	  42812	   a73c	LEDMATRIX_VITIS.elf
'Finished building: LEDMATRIX_VITIS.elf.size'
' '
07:41:28 **** Incremental Build of configuration Debug for project LEDMATRIX_VITIS ****
make all 
make --no-print-directory pre-build
a9-linaro-pre-build-step
' '
make --no-print-directory main-build
'Building file: ../src/helloworld.c'
'Invoking: ARM v7 gcc compiler'
arm-none-eabi-gcc -Wall -O0 -g3 -c -fmessage-length=0 -MT"src/helloworld.o" -mcpu=cortex-a9 -mfpu=vfpv3 -mfloat-abi=hard -IC:/LEDMATRIX_PROJECT/design_1_wrapper/export/design_1_wrapper/sw/design_1_wrapper/standalone_domain/bspinclude/include -MMD -MP -MF"src/helloworld.d" -MT"src/helloworld.o" -o "src/helloworld.o" "../src/helloworld.c"
'Finished building: ../src/helloworld.c'
' '
'Building target: LEDMATRIX_VITIS.elf'
'Invoking: ARM v7 gcc linker'
arm-none-eabi-gcc -mcpu=cortex-a9 -mfpu=vfpv3 -mfloat-abi=hard -Wl,-build-id=none -specs=Xilinx.spec -Wl,-T -Wl,../src/lscript.ld -LC:/LEDMATRIX_PROJECT/design_1_wrapper/export/design_1_wrapper/sw/design_1_wrapper/standalone_domain/bsplib/lib -o "LEDMATRIX_VITIS.elf"  ./src/helloworld.o ./src/platform.o   -Wl,--start-group,-lxil,-lgcc,-lc,--end-group
'Finished building target: LEDMATRIX_VITIS.elf'
' '
'Invoking: ARM v7 Print Size'
arm-none-eabi-size LEDMATRIX_VITIS.elf  |tee "LEDMATRIX_VITIS.elf.size"
   text	   data	    bss	    dec	    hex	filename
  19100	   1144	  22568	  42812	   a73c	LEDMATRIX_VITIS.elf
'Finished building: LEDMATRIX_VITIS.elf.size'
' '
07:42:06 **** Incremental Build of configuration Debug for project LEDMATRIX_VITIS ****
make all 
make --no-print-directory pre-build
a9-linaro-pre-build-step
' '
make --no-print-directory main-build
'Building file: ../src/helloworld.c'
'Invoking: ARM v7 gcc compiler'
arm-none-eabi-gcc -Wall -O0 -g3 -c -fmessage-length=0 -MT"src/helloworld.o" -mcpu=cortex-a9 -mfpu=vfpv3 -mfloat-abi=hard -IC:/LEDMATRIX_PROJECT/design_1_wrapper/export/design_1_wrapper/sw/design_1_wrapper/standalone_domain/bspinclude/include -MMD -MP -MF"src/helloworld.d" -MT"src/helloworld.o" -o "src/helloworld.o" "../src/helloworld.c"
'Finished building: ../src/helloworld.c'
' '
'Building target: LEDMATRIX_VITIS.elf'
'Invoking: ARM v7 gcc linker'
arm-none-eabi-gcc -mcpu=cortex-a9 -mfpu=vfpv3 -mfloat-abi=hard -Wl,-build-id=none -specs=Xilinx.spec -Wl,-T -Wl,../src/lscript.ld -LC:/LEDMATRIX_PROJECT/design_1_wrapper/export/design_1_wrapper/sw/design_1_wrapper/standalone_domain/bsplib/lib -o "LEDMATRIX_VITIS.elf"  ./src/helloworld.o ./src/platform.o   -Wl,--start-group,-lxil,-lgcc,-lc,--end-group
'Finished building target: LEDMATRIX_VITIS.elf'
' '
'Invoking: ARM v7 Print Size'
arm-none-eabi-size LEDMATRIX_VITIS.elf  |tee "LEDMATRIX_VITIS.elf.size"
[...]
12:30:15 **** Incremental Build of configuration Debug for project LEDMATRIX_VITIS ****
make all 
make --no-print-directory pre-build
a9-linaro-pre-build-step
' '
make --no-print-directory main-build
'Building file: ../src/helloworld.c'
'Invoking: ARM v7 gcc compiler'
arm-none-eabi-gcc -Wall -O0 -g3 -c -fmessage-length=0 -MT"src/helloworld.o" -mcpu=cortex-a9 -mfpu=vfpv3 -mfloat-abi=hard -IC:/LEDMATRIX_PROJECT/design_1_wrapper/export/design_1_wrapper/sw/design_1_wrapper/standalone_domain/bspinclude/include -MMD -MP -MF"src/helloworld.d" -MT"src/helloworld.o" -o "src/helloworld.o" "../src/helloworld.c"
../src/helloworld.c: In function 'main':
../src/helloworld.c:103:44: error: expected expression before ';' token
   XScuTimer *my_Timer_LOCAL = (XScuTimer *);
                                            ^
../src/helloworld.c:70:6: warning: variable 'Status' set but not used [-Wunused-but-set-variable]
  int Status;
      ^~~~~~
../src/helloworld.c: At top level:
../src/helloworld.c:56:13: warning: 'timer1_interrupt_handler' used but never defined
 static void timer1_interrupt_handler(void *CallBackRef);
             ^~~~~~~~~~~~~~~~~~~~~~~~
make[1]: *** [src/subdir.mk:26: src/helloworld.o] Error 1
make: *** [makefile:34: all] Error 2
12:30:25 **** Incremental Build of configuration Debug for project LEDMATRIX_VITIS ****
make all 
make --no-print-directory pre-build
a9-linaro-pre-build-step
' '
make --no-print-directory main-build
'Building file: ../src/helloworld.c'
'Invoking: ARM v7 gcc compiler'
arm-none-eabi-gcc -Wall -O0 -g3 -c -fmessage-length=0 -MT"src/helloworld.o" -mcpu=cortex-a9 -mfpu=vfpv3 -mfloat-abi=hard -IC:/LEDMATRIX_PROJECT/design_1_wrapper/export/design_1_wrapper/sw/design_1_wrapper/standalone_domain/bspinclude/include -MMD -MP -MF"src/helloworld.d" -MT"src/helloworld.o" -o "src/helloworld.o" "../src/helloworld.c"
../src/helloworld.c: In function 'main':
../src/helloworld.c:70:6: warning: variable 'Status' set but not used [-Wunused-but-set-variable]
  int Status;
      ^~~~~~
../src/helloworld.c: At top level:
../src/helloworld.c:56:13: warning: 'timer1_interrupt_handler' used but never defined
 static void timer1_interrupt_handler(void *CallBackRef);
             ^~~~~~~~~~~~~~~~~~~~~~~~
In file included from ../src/helloworld.c:54:
../src/helloworld.c: In function 'main':
C:/LEDMATRIX_PROJECT/design_1_wrapper/export/design_1_wrapper/sw/design_1_wrapper/standalone_domain/bspinclude/include/xscutimer.h:332:42: warning: 'my_Timer_LOCAL' may be used uninitialized in this function [-Wmaybe-uninitialized]
  XScuTimer_WriteReg((InstancePtr)->Config.BaseAddr,  \
                                          ^
../src/helloworld.c:103:14: note: 'my_Timer_LOCAL' was declared here
   XScuTimer *my_Timer_LOCAL;
              ^~~~~~~~~~~~~~
'Finished building: ../src/helloworld.c'
' '
'Building target: LEDMATRIX_VITIS.elf'
'Invoking: ARM v7 gcc linker'
arm-none-eabi-gcc -mcpu=cortex-a9 -mfpu=vfpv3 -mfloat-abi=hard -Wl,-build-id=none -specs=Xilinx.spec -Wl,-T -Wl,../src/lscript.ld -LC:/LEDMATRIX_PROJECT/design_1_wrapper/export/design_1_wrapper/sw/design_1_wrapper/standalone_domain/bsplib/lib -o "LEDMATRIX_VITIS.elf"  ./src/helloworld.o ./src/platform.o   -Wl,--start-group,-lxil,-lgcc,-lc,--end-group
c:/xilinx/vitis/2019.2/gnu/aarch32/nt/gcc-arm-none-eabi/bin/../lib/gcc/arm-none-eabi/8.2.0/../../../../arm-none-eabi/bin/ld.exe: ./src/helloworld.o: in function `main':
C:\LEDMATRIX_PROJECT\LEDMATRIX_VITIS\Debug/../src/helloworld.c:109: undefined reference to `timer1_interrupt_handler'
c:/xilinx/vitis/2019.2/gnu/aarch32/nt/gcc-arm-none-eabi/bin/../lib/gcc/arm-none-eabi/8.2.0/../../../../arm-none-eabi/bin/ld.exe: C:\LEDMATRIX_PROJECT\LEDMATRIX_VITIS\Debug/../src/helloworld.c:109: undefined reference to `timer1_interrupt_handler'
collect2.exe: error: ld returned 1 exit status
make[1]: *** [makefile:43: LEDMATRIX_VITIS.elf] Error 1
make: *** [makefile:34: all] Error 2
12:31:54 **** Incremental Build of configuration Debug for project LEDMATRIX_VITIS ****
make all 
make --no-print-directory pre-build
a9-linaro-pre-build-step
' '
make --no-print-directory main-build
'Building file: ../src/helloworld.c'
'Invoking: ARM v7 gcc compiler'
arm-none-eabi-gcc -Wall -O0 -g3 -c -fmessage-length=0 -MT"src/helloworld.o" -mcpu=cortex-a9 -mfpu=vfpv3 -mfloat-abi=hard -IC:/LEDMATRIX_PROJECT/design_1_wrapper/export/design_1_wrapper/sw/design_1_wrapper/standalone_domain/bspinclude/include -MMD -MP -MF"src/helloworld.d" -MT"src/helloworld.o" -o "src/helloworld.o" "../src/helloworld.c"
../src/helloworld.c: In function 'main':
../src/helloworld.c:70:6: warning: variable 'Status' set but not used [-Wunused-but-set-variable]
  int Status;
      ^~~~~~
'Finished building: ../src/helloworld.c'
' '
'Building target: LEDMATRIX_VITIS.elf'
'Invoking: ARM v7 gcc linker'
arm-none-eabi-gcc -mcpu=cortex-a9 -mfpu=vfpv3 -mfloat-abi=hard -Wl,-build-id=none -specs=Xilinx.spec -Wl,-T -Wl,../src/lscript.ld -LC:/LEDMATRIX_PROJECT/design_1_wrapper/export/design_1_wrapper/sw/design_1_wrapper/standalone_domain/bsplib/lib -o "LEDMATRIX_VITIS.elf"  ./src/helloworld.o ./src/platform.o   -Wl,--start-group,-lxil,-lgcc,-lc,--end-group
'Finished building target: LEDMATRIX_VITIS.elf'
' '
'Invoking: ARM v7 Print Size'
arm-none-eabi-size LEDMATRIX_VITIS.elf  |tee "LEDMATRIX_VITIS.elf.size"
   text	   data	    bss	    dec	    hex	filename
  63196	   3368	  23360	  89924	  15f44	LEDMATRIX_VITIS.elf
'Finished building: LEDMATRIX_VITIS.elf.size'
' '
12:32:26 **** Incremental Build of configuration Debug for project LEDMATRIX_VITIS ****
make all 
make --no-print-directory pre-build
a9-linaro-pre-build-step
' '
make --no-print-directory main-build
'Building file: ../src/helloworld.c'
'Invoking: ARM v7 gcc compiler'
arm-none-eabi-gcc -Wall -O0 -g3 -c -fmessage-length=0 -MT"src/helloworld.o" -mcpu=cortex-a9 -mfpu=vfpv3 -mfloat-abi=hard -IC:/LEDMATRIX_PROJECT/design_1_wrapper/export/design_1_wrapper/sw/design_1_wrapper/standalone_domain/bspinclude/include -MMD -MP -MF"src/helloworld.d" -MT"src/helloworld.o" -o "src/helloworld.o" "../src/helloworld.c"
../src/helloworld.c: In function 'main':
../src/helloworld.c:70:6: warning: variable 'Status' set but not used [-Wunused-but-set-variable]
  int Status;
      ^~~~~~
'Finished building: ../src/helloworld.c'
' '
'Building target: LEDMATRIX_VITIS.elf'
'Invoking: ARM v7 gcc linker'
arm-none-eabi-gcc -mcpu=cortex-a9 -mfpu=vfpv3 -mfloat-abi=hard -Wl,-build-id=none -specs=Xilinx.spec -Wl,-T -Wl,../src/lscript.ld -LC:/LEDMATRIX_PROJECT/design_1_wrapper/export/design_1_wrapper/sw/design_1_wrapper/standalone_domain/bsplib/lib -o "LEDMATRIX_VITIS.elf"  ./src/helloworld.o ./src/platform.o   -Wl,--start-group,-lxil,-lgcc,-lc,--end-group
'Finished building target: LEDMATRIX_VITIS.elf'
' '
'Invoking: ARM v7 Print Size'
arm-none-eabi-size LEDMATRIX_VITIS.elf  |tee "LEDMATRIX_VITIS.elf.size"
   text	   data	    bss	    dec	    hex	filename
  63260	   3368	  23360	  89988	  15f84	LEDMATRIX_VITIS.elf
'Finished building: LEDMATRIX_VITIS.elf.size'
' '
12:33:26 **** Incremental Build of configuration Debug for project LEDMATRIX_VITIS ****
make all 
make --no-print-directory pre-build
a9-linaro-pre-build-step
' '
make --no-print-directory main-build
'Building file: ../src/helloworld.c'
'Invoking: ARM v7 gcc compiler'
arm-none-eabi-gcc -Wall -O0 -g3 -c -fmessage-length=0 -MT"src/helloworld.o" -mcpu=cortex-a9 -mfpu=vfpv3 -mfloat-abi=hard -IC:/LEDMATRIX_PROJECT/design_1_wrapper/export/design_1_wrapper/sw/design_1_wrapper/standalone_domain/bspinclude/include -MMD -MP -MF"src/helloworld.d" -MT"src/helloworld.o" -o "src/helloworld.o" "../src/helloworld.c"
../src/helloworld.c: In function 'main':
../src/helloworld.c:70:6: warning: variable 'Status' set but not used [-Wunused-but-set-variable]
  int Status;
      ^~~~~~
'Finished building: ../src/helloworld.c'
' '
'Building target: LEDMATRIX_VITIS.elf'
'Invoking: ARM v7 gcc linker'
arm-none-eabi-gcc -mcpu=cortex-a9 -mfpu=vfpv3 -mfloat-abi=hard -Wl,-build-id=none -specs=Xilinx.spec -Wl,-T -Wl,../src/lscript.ld -LC:/LEDMATRIX_PROJECT/design_1_wrapper/export/design_1_wrapper/sw/design_1_wrapper/standalone_domain/bsplib/lib -o "LEDMATRIX_VITIS.elf"  ./src/helloworld.o ./src/platform.o   -Wl,--start-group,-lxil,-lgcc,-lc,--end-group
'Finished building target: LEDMATRIX_VITIS.elf'
' '
'Invoking: ARM v7 Print Size'
arm-none-eabi-size LEDMATRIX_VITIS.elf  |tee "LEDMATRIX_VITIS.elf.size"
   text	   data	    bss	    dec	    hex	filename
  63260	   3368	  23360	  89988	  15f84	LEDMATRIX_VITIS.elf
'Finished building: LEDMATRIX_VITIS.elf.size'
' '
12:34:52 **** Incremental Build of configuration Debug for project LEDMATRIX_VITIS ****
make all 
make --no-print-directory pre-build
a9-linaro-pre-build-step
' '
make --no-print-directory main-build
'Building file: ../src/helloworld.c'
'Invoking: ARM v7 gcc compiler'
arm-none-eabi-gcc -Wall -O0 -g3 -c -fmessage-length=0 -MT"src/helloworld.o" -mcpu=cortex-a9 -mfpu=vfpv3 -mfloat-abi=hard -IC:/LEDMATRIX_PROJECT/design_1_wrapper/export/design_1_wrapper/sw/design_1_wrapper/standalone_domain/bspinclude/include -MMD -MP -MF"src/helloworld.d" -MT"src/helloworld.o" -o "src/helloworld.o" "../src/helloworld.c"
../src/helloworld.c: In function 'main':
../src/helloworld.c:70:6: warning: variable 'Status' set but not used [-Wunused-but-set-variable]
  int Status;
      ^~~~~~
'Finished building: ../src/helloworld.c'
' '
'Building target: LEDMATRIX_VITIS.elf'
'Invoking: ARM v7 gcc linker'
arm-none-eabi-gcc -mcpu=cortex-a9 -mfpu=vfpv3 -mfloat-abi=hard -Wl,-build-id=none -specs=Xilinx.spec -Wl,-T -Wl,../src/lscript.ld -LC:/LEDMATRIX_PROJECT/design_1_wrapper/export/design_1_wrapper/sw/design_1_wrapper/standalone_domain/bsplib/lib -o "LEDMATRIX_VITIS.elf"  ./src/helloworld.o ./src/platform.o   -Wl,--start-group,-lxil,-lgcc,-lc,--end-group
'Finished building target: LEDMATRIX_VITIS.elf'
' '
'Invoking: ARM v7 Print Size'
arm-none-eabi-size LEDMATRIX_VITIS.elf  |tee "LEDMATRIX_VITIS.elf.size"
   text	   data	    bss	    dec	    hex	filename
  63260	   3368	  23360	  89988	  15f84	LEDMATRIX_VITIS.elf
'Finished building: LEDMATRIX_VITIS.elf.size'
' '
12:38:00 **** Incremental Build of configuration Debug for project LEDMATRIX_VITIS ****
make all 
make --no-print-directory pre-build
a9-linaro-pre-build-step
' '
make --no-print-directory main-build
'Building file: ../src/helloworld.c'
'Invoking: ARM v7 gcc compiler'
arm-none-eabi-gcc -Wall -O0 -g3 -c -fmessage-length=0 -MT"src/helloworld.o" -mcpu=cortex-a9 -mfpu=vfpv3 -mfloat-abi=hard -IC:/LEDMATRIX_PROJECT/design_1_wrapper/export/design_1_wrapper/sw/design_1_wrapper/standalone_domain/bspinclude/include -MMD -MP -MF"src/helloworld.d" -MT"src/helloworld.o" -o "src/helloworld.o" "../src/helloworld.c"
../src/helloworld.c: In function 'main':
../src/helloworld.c:314:32: error: expected expression before ')' token
         else if (StateCounter==){ //9
                                ^
In file included from ../src/helloworld.c:51:
C:/LEDMATRIX_PROJECT/design_1_wrapper/export/design_1_wrapper/sw/design_1_wrapper/standalone_domain/bspinclude/include/MATRIX_IPBLOK_DEF.h:35:4: error: too few arguments to function 'Xil_Out32'
    Xil_Out32((BaseAddress) + (RegOffset), (u32)(Data))
    ^~~~~~~~~
../src/helloworld.c:317:13: note: in expansion of macro 'MATRIX_IPBLOK_DEF_mWriteReg'
             MATRIX_IPBLOK_DEF_mWriteReg(XPAR_MATRIX_IPBLOK_DEF_0_S00_AXI_BASEADDR,MATRIX_IPBLOK_DEF_S00_AXI_SLV_REG0_OFFSET,0b0010001001001001);
             ^~~~~~~~~~~~~~~~~~~~~~~~~~~
In file included from C:/LEDMATRIX_PROJECT/design_1_wrapper/export/design_1_wrapper/sw/design_1_wrapper/standalone_domain/bspinclude/include/sleep.h:50,
                 from ../src/helloworld.c:52:
C:/LEDMATRIX_PROJECT/design_1_wrapper/export/design_1_wrapper/sw/design_1_wrapper/standalone_domain/bspinclude/include/xil_io.h:217:20: note: declared here
 static INLINE void Xil_Out32(UINTPTR Addr, u32 Value)
                    ^~~~~~~~~
../src/helloworld.c:70:6: warning: variable 'Status' set but not used [-Wunused-but-set-variable]
  int Status;
      ^~~~~~
make[1]: *** [src/subdir.mk:26: src/helloworld.o] Error 1
make: *** [makefile:34: all] Error 2
12:38:26 **** Incremental Build of configuration Debug for project LEDMATRIX_VITIS ****
make all 
make --no-print-directory pre-build
a9-linaro-pre-build-step
' '
make --no-print-directory main-build
'Building file: ../src/helloworld.c'
'Invoking: ARM v7 gcc compiler'
arm-none-eabi-gcc -Wall -O0 -g3 -c -fmessage-length=0 -MT"src/helloworld.o" -mcpu=cortex-a9 -mfpu=vfpv3 -mfloat-abi=hard -IC:/LEDMATRIX_PROJECT/design_1_wrapper/export/design_1_wrapper/sw/design_1_wrapper/standalone_domain/bspinclude/include -MMD -MP -MF"src/helloworld.d" -MT"src/helloworld.o" -o "src/helloworld.o" "../src/helloworld.c"
../src/helloworld.c: In function 'main':
../src/helloworld.c:70:6: warning: variable 'Status' set but not used [-Wunused-but-set-variable]
  int Status;
      ^~~~~~
'Finished building: ../src/helloworld.c'
' '
'Building target: LEDMATRIX_VITIS.elf'
'Invoking: ARM v7 gcc linker'
arm-none-eabi-gcc -mcpu=cortex-a9 -mfpu=vfpv3 -mfloat-abi=hard -Wl,-build-id=none -specs=Xilinx.spec -Wl,-T -Wl,../src/lscript.ld -LC:/LEDMATRIX_PROJECT/design_1_wrapper/export/design_1_wrapper/sw/design_1_wrapper/standalone_domain/bsplib/lib -o "LEDMATRIX_VITIS.elf"  ./src/helloworld.o ./src/platform.o   -Wl,--start-group,-lxil,-lgcc,-lc,--end-group
'Finished building target: LEDMATRIX_VITIS.elf'
' '
'Invoking: ARM v7 Print Size'
arm-none-eabi-size LEDMATRIX_VITIS.elf  |tee "LEDMATRIX_VITIS.elf.size"
   text	   data	    bss	    dec	    hex	filename
  63068	   3368	  23360	  89796	  15ec4	LEDMATRIX_VITIS.elf
'Finished building: LEDMATRIX_VITIS.elf.size'
' '
12:38:43 **** Incremental Build of configuration Debug for project LEDMATRIX_VITIS ****
make all 
make --no-print-directory pre-build
a9-linaro-pre-build-step
' '
make --no-print-directory main-build
'Building file: ../src/helloworld.c'
'Invoking: ARM v7 gcc compiler'
arm-none-eabi-gcc -Wall -O0 -g3 -c -fmessage-length=0 -MT"src/helloworld.o" -mcpu=cortex-a9 -mfpu=vfpv3 -mfloat-abi=hard -IC:/LEDMATRIX_PROJECT/design_1_wrapper/export/design_1_wrapper/sw/design_1_wrapper/standalone_domain/bspinclude/include -MMD -MP -MF"src/helloworld.d" -MT"src/helloworld.o" -o "src/helloworld.o" "../src/helloworld.c"
../src/helloworld.c: In function 'main':
../src/helloworld.c:70:6: warning: variable 'Status' set but not used [-Wunused-but-set-variable]
  int Status;
      ^~~~~~
'Finished building: ../src/helloworld.c'
' '
'Building target: LEDMATRIX_VITIS.elf'
'Invoking: ARM v7 gcc linker'
arm-none-eabi-gcc -mcpu=cortex-a9 -mfpu=vfpv3 -mfloat-abi=hard -Wl,-build-id=none -specs=Xilinx.spec -Wl,-T -Wl,../src/lscript.ld -LC:/LEDMATRIX_PROJECT/design_1_wrapper/export/design_1_wrapper/sw/design_1_wrapper/standalone_domain/bsplib/lib -o "LEDMATRIX_VITIS.elf"  ./src/helloworld.o ./src/platform.o   -Wl,--start-group,-lxil,-lgcc,-lc,--end-group
'Finished building target: LEDMATRIX_VITIS.elf'
' '
'Invoking: ARM v7 Print Size'
arm-none-eabi-size LEDMATRIX_VITIS.elf  |tee "LEDMATRIX_VITIS.elf.size"
   text	   data	    bss	    dec	    hex	filename
  63260	   3368	  23360	  89988	  15f84	LEDMATRIX_VITIS.elf
'Finished building: LEDMATRIX_VITIS.elf.size'
' '
12:40:47 **** Incremental Build of configuration Debug for project LEDMATRIX_VITIS ****
make all 
make --no-print-directory pre-build
a9-linaro-pre-build-step
' '
make --no-print-directory main-build
'Building file: ../src/helloworld.c'
'Invoking: ARM v7 gcc compiler'
arm-none-eabi-gcc -Wall -O0 -g3 -c -fmessage-length=0 -MT"src/helloworld.o" -mcpu=cortex-a9 -mfpu=vfpv3 -mfloat-abi=hard -IC:/LEDMATRIX_PROJECT/design_1_wrapper/export/design_1_wrapper/sw/design_1_wrapper/standalone_domain/bspinclude/include -MMD -MP -MF"src/helloworld.d" -MT"src/helloworld.o" -o "src/helloworld.o" "../src/helloworld.c"
../src/helloworld.c: In function 'main':
../src/helloworld.c:355:13: error: invalid storage class for function 'timer1_interrupt_handler'
 static void timer1_interrupt_handler(void *CallBackRef)
             ^~~~~~~~~~~~~~~~~~~~~~~~
../src/helloworld.c:373:1: error: expected declaration or statement at end of input
 }
 ^
../src/helloworld.c:70:6: warning: variable 'Status' set but not used [-Wunused-but-set-variable]
  int Status;
      ^~~~~~
../src/helloworld.c: At top level:
../src/helloworld.c:56:13: warning: 'timer1_interrupt_handler' used but never defined
 static void timer1_interrupt_handler(void *CallBackRef);
             ^~~~~~~~~~~~~~~~~~~~~~~~
../src/helloworld.c:355:13: warning: 'timer1_interrupt_handler' defined but not used [-Wunused-function]
 static void timer1_interrupt_handler(void *CallBackRef)
             ^~~~~~~~~~~~~~~~~~~~~~~~
make[1]: *** [src/subdir.mk:26: src/helloworld.o] Error 1
make: *** [makefile:34: all] Error 2
12:41:08 **** Incremental Build of configuration Debug for project LEDMATRIX_VITIS ****
make all 
make --no-print-directory pre-build
a9-linaro-pre-build-step
' '
make --no-print-directory main-build
'Building file: ../src/helloworld.c'
'Invoking: ARM v7 gcc compiler'
arm-none-eabi-gcc -Wall -O0 -g3 -c -fmessage-length=0 -MT"src/helloworld.o" -mcpu=cortex-a9 -mfpu=vfpv3 -mfloat-abi=hard -IC:/LEDMATRIX_PROJECT/design_1_wrapper/export/design_1_wrapper/sw/design_1_wrapper/standalone_domain/bspinclude/include -MMD -MP -MF"src/helloworld.d" -MT"src/helloworld.o" -o "src/helloworld.o" "../src/helloworld.c"
../src/helloworld.c: In function 'main':
../src/helloworld.c:70:6: warning: variable 'Status' set but not used [-Wunused-but-set-variable]
  int Status;
      ^~~~~~
'Finished building: ../src/helloworld.c'
' '
'Building target: LEDMATRIX_VITIS.elf'
'Invoking: ARM v7 gcc linker'
arm-none-eabi-gcc -mcpu=cortex-a9 -mfpu=vfpv3 -mfloat-abi=hard -Wl,-build-id=none -specs=Xilinx.spec -Wl,-T -Wl,../src/lscript.ld -LC:/LEDMATRIX_PROJECT/design_1_wrapper/export/design_1_wrapper/sw/design_1_wrapper/standalone_domain/bsplib/lib -o "LEDMATRIX_VITIS.elf"  ./src/helloworld.o ./src/platform.o   -Wl,--start-group,-lxil,-lgcc,-lc,--end-group
'Finished building target: LEDMATRIX_VITIS.elf'
' '
'Invoking: ARM v7 Print Size'
arm-none-eabi-size LEDMATRIX_VITIS.elf  |tee "LEDMATRIX_VITIS.elf.size"
   text	   data	    bss	    dec	    hex	filename
  63260	   3368	  23360	  89988	  15f84	LEDMATRIX_VITIS.elf
'Finished building: LEDMATRIX_VITIS.elf.size'
' '
12:42:00 **** Incremental Build of configuration Debug for project LEDMATRIX_VITIS ****
make all 
make --no-print-directory pre-build
a9-linaro-pre-build-step
' '
make --no-print-directory main-build
'Building file: ../src/helloworld.c'
'Invoking: ARM v7 gcc compiler'
arm-none-eabi-gcc -Wall -O0 -g3 -c -fmessage-length=0 -MT"src/helloworld.o" -mcpu=cortex-a9 -mfpu=vfpv3 -mfloat-abi=hard -IC:/LEDMATRIX_PROJECT/design_1_wrapper/export/design_1_wrapper/sw/design_1_wrapper/standalone_domain/bspinclude/include -MMD -MP -MF"src/helloworld.d" -MT"src/helloworld.o" -o "src/helloworld.o" "../src/helloworld.c"
../src/helloworld.c: In function 'main':
../src/helloworld.c:70:6: warning: variable 'Status' set but not used [-Wunused-but-set-variable]
  int Status;
      ^~~~~~
'Finished building: ../src/helloworld.c'
' '
'Building target: LEDMATRIX_VITIS.elf'
'Invoking: ARM v7 gcc linker'
arm-none-eabi-gcc -mcpu=cortex-a9 -mfpu=vfpv3 -mfloat-abi=hard -Wl,-build-id=none -specs=Xilinx.spec -Wl,-T -Wl,../src/lscript.ld -LC:/LEDMATRIX_PROJECT/design_1_wrapper/export/design_1_wrapper/sw/design_1_wrapper/standalone_domain/bsplib/lib -o "LEDMATRIX_VITIS.elf"  ./src/helloworld.o ./src/platform.o   -Wl,--start-group,-lxil,-lgcc,-lc,--end-group
'Finished building target: LEDMATRIX_VITIS.elf'
' '
'Invoking: ARM v7 Print Size'
arm-none-eabi-size LEDMATRIX_VITIS.elf  |tee "LEDMATRIX_VITIS.elf.size"
   text	   data	    bss	    dec	    hex	filename
  63260	   3368	  23360	  89988	  15f84	LEDMATRIX_VITIS.elf
'Finished building: LEDMATRIX_VITIS.elf.size'
' '
