12:42:00 **** Incremental Build of configuration Debug for project LEDMATRIX_VITIS ****
make all 
make --no-print-directory pre-build
a9-linaro-pre-build-step
' '
make --no-print-directory main-build
'Building file: ../src/helloworld.c'
'Invoking: ARM v7 gcc compiler'
arm-none-eabi-gcc -Wall -O0 -g3 -c -fmessage-length=0 -MT"src/helloworld.o" -mcpu=cortex-a9 -mfpu=vfpv3 -mfloat-abi=hard -IC:/LEDMATRIX_PROJECT/design_1_wrapper/export/design_1_wrapper/sw/design_1_wrapper/standalone_domain/bspinclude/include -MMD -MP -MF"src/helloworld.d" -MT"src/helloworld.o" -o "src/helloworld.o" "../src/helloworld.c"
../src/helloworld.c: In function 'main':
../src/helloworld.c:70:6: warning: variable 'Status' set but not used [-Wunused-but-set-variable]
  int Status;
      ^~~~~~
'Finished building: ../src/helloworld.c'
' '
'Building target: LEDMATRIX_VITIS.elf'
'Invoking: ARM v7 gcc linker'
arm-none-eabi-gcc -mcpu=cortex-a9 -mfpu=vfpv3 -mfloat-abi=hard -Wl,-build-id=none -specs=Xilinx.spec -Wl,-T -Wl,../src/lscript.ld -LC:/LEDMATRIX_PROJECT/design_1_wrapper/export/design_1_wrapper/sw/design_1_wrapper/standalone_domain/bsplib/lib -o "LEDMATRIX_VITIS.elf"  ./src/helloworld.o ./src/platform.o   -Wl,--start-group,-lxil,-lgcc,-lc,--end-group
'Finished building target: LEDMATRIX_VITIS.elf'
' '
'Invoking: ARM v7 Print Size'
arm-none-eabi-size LEDMATRIX_VITIS.elf  |tee "LEDMATRIX_VITIS.elf.size"
   text	   data	    bss	    dec	    hex	filename
  63260	   3368	  23360	  89988	  15f84	LEDMATRIX_VITIS.elf
'Finished building: LEDMATRIX_VITIS.elf.size'
' '

12:42:02 Build Finished (took 1s.779ms)

